// Jest Snapshot v1, https://goo.gl/fbAQLP

exports[`Storyshots Card is loss and half revealed with diamond 1`] = `
.c0 {
  -webkit-flex: 1;
  -ms-flex: 1;
  flex: 1;
  display: -webkit-box;
  display: -webkit-flex;
  display: -ms-flexbox;
  display: flex;
  -webkit-align-items: center;
  -webkit-box-align: center;
  -ms-flex-align: center;
  align-items: center;
  -webkit-box-pack: center;
  -webkit-justify-content: center;
  -ms-flex-pack: center;
  justify-content: center;
  width: 100px;
  -webkit-flex: 0 0 100px;
  -ms-flex: 0 0 100px;
  flex: 0 0 100px;
  height: 100px;
  margin: 6px;
}

.c1 {
  display: -webkit-box;
  display: -webkit-flex;
  display: -ms-flexbox;
  display: flex;
  -webkit-flex: 1;
  -ms-flex: 1;
  flex: 1;
  -webkit-align-self: stretch;
  -ms-flex-item-align: stretch;
  align-self: stretch;
  border-radius: 10px;
  -webkit-box-pack: center;
  -webkit-justify-content: center;
  -ms-flex-pack: center;
  justify-content: center;
  -webkit-align-items: center;
  -webkit-box-align: center;
  -ms-flex-align: center;
  align-items: center;
  background-color: #D2D6E6;
}

.c3 {
  max-width: 60%;
  max-height: 50%;
  opacity: 0.6;
  -webkit-animation: dJeCOu 2s;
  animation: dJeCOu 2s;
}

.c2 {
  display: -webkit-box;
  display: -webkit-flex;
  display: -ms-flexbox;
  display: flex;
  -webkit-flex: 1;
  -ms-flex: 1;
  flex: 1;
  width: 100px;
  height: 100px;
  border-radius: 10px;
  -webkit-box-pack: center;
  -webkit-justify-content: center;
  -ms-flex-pack: center;
  justify-content: center;
  -webkit-align-self: center;
  -ms-flex-item-align: center;
  align-self: center;
  -webkit-align-items: center;
  -webkit-box-align: center;
  -ms-flex-align: center;
  align-items: center;
}

<div
  className="c0"
>
  <span
    className="c1"
    onClick={[Function]}
  >
    <div
      className="c2"
    >
      <img
        className="c3"
        src="diamond.png"
      />
    </div>
  </span>
</div>
`;

exports[`Storyshots Card is loss and half revealed with mine 1`] = `
.c0 {
  -webkit-flex: 1;
  -ms-flex: 1;
  flex: 1;
  display: -webkit-box;
  display: -webkit-flex;
  display: -ms-flexbox;
  display: flex;
  -webkit-align-items: center;
  -webkit-box-align: center;
  -ms-flex-align: center;
  align-items: center;
  -webkit-box-pack: center;
  -webkit-justify-content: center;
  -ms-flex-pack: center;
  justify-content: center;
  width: 100px;
  -webkit-flex: 0 0 100px;
  -ms-flex: 0 0 100px;
  flex: 0 0 100px;
  height: 100px;
  margin: 6px;
}

.c1 {
  display: -webkit-box;
  display: -webkit-flex;
  display: -ms-flexbox;
  display: flex;
  -webkit-flex: 1;
  -ms-flex: 1;
  flex: 1;
  -webkit-align-self: stretch;
  -ms-flex-item-align: stretch;
  align-self: stretch;
  border-radius: 10px;
  -webkit-box-pack: center;
  -webkit-justify-content: center;
  -ms-flex-pack: center;
  justify-content: center;
  -webkit-align-items: center;
  -webkit-box-align: center;
  -ms-flex-align: center;
  align-items: center;
  background-color: #D2D6E6;
}

.c3 {
  max-width: 60%;
  max-height: 50%;
  opacity: 0.6;
  -webkit-animation: dJeCOu 2s;
  animation: dJeCOu 2s;
}

.c2 {
  display: -webkit-box;
  display: -webkit-flex;
  display: -ms-flexbox;
  display: flex;
  -webkit-flex: 1;
  -ms-flex: 1;
  flex: 1;
  width: 100px;
  height: 100px;
  border-radius: 10px;
  -webkit-box-pack: center;
  -webkit-justify-content: center;
  -ms-flex-pack: center;
  justify-content: center;
  -webkit-align-self: center;
  -ms-flex-item-align: center;
  align-self: center;
  -webkit-align-items: center;
  -webkit-box-align: center;
  -ms-flex-align: center;
  align-items: center;
}

<div
  className="c0"
>
  <span
    className="c1"
    onClick={[Function]}
  >
    <div
      className="c2"
    >
      <img
        className="c3"
        src="mine.png"
      />
    </div>
  </span>
</div>
`;

exports[`Storyshots Card not revealed 1`] = `
.c0 {
  -webkit-flex: 1;
  -ms-flex: 1;
  flex: 1;
  display: -webkit-box;
  display: -webkit-flex;
  display: -ms-flexbox;
  display: flex;
  -webkit-align-items: center;
  -webkit-box-align: center;
  -ms-flex-align: center;
  align-items: center;
  -webkit-box-pack: center;
  -webkit-justify-content: center;
  -ms-flex-pack: center;
  justify-content: center;
  width: 100px;
  -webkit-flex: 0 0 100px;
  -ms-flex: 0 0 100px;
  flex: 0 0 100px;
  height: 100px;
  margin: 6px;
}

.c1 {
  display: -webkit-box;
  display: -webkit-flex;
  display: -ms-flexbox;
  display: flex;
  -webkit-flex: 1;
  -ms-flex: 1;
  flex: 1;
  -webkit-align-self: stretch;
  -ms-flex-item-align: stretch;
  align-self: stretch;
  border-radius: 10px;
  -webkit-box-pack: center;
  -webkit-justify-content: center;
  -ms-flex-pack: center;
  justify-content: center;
  -webkit-align-items: center;
  -webkit-box-align: center;
  -ms-flex-align: center;
  align-items: center;
  background-color: #FFFFFF;
}

<div
  className="c0"
>
  <span
    className="c1"
    onClick={[Function]}
  />
</div>
`;

exports[`Storyshots Card revealed with diamond 1`] = `
.c0 {
  -webkit-flex: 1;
  -ms-flex: 1;
  flex: 1;
  display: -webkit-box;
  display: -webkit-flex;
  display: -ms-flexbox;
  display: flex;
  -webkit-align-items: center;
  -webkit-box-align: center;
  -ms-flex-align: center;
  align-items: center;
  -webkit-box-pack: center;
  -webkit-justify-content: center;
  -ms-flex-pack: center;
  justify-content: center;
  width: 100px;
  -webkit-flex: 0 0 100px;
  -ms-flex: 0 0 100px;
  flex: 0 0 100px;
  height: 100px;
  margin: 6px;
}

.c1 {
  display: -webkit-box;
  display: -webkit-flex;
  display: -ms-flexbox;
  display: flex;
  -webkit-flex: 1;
  -ms-flex: 1;
  flex: 1;
  -webkit-align-self: stretch;
  -ms-flex-item-align: stretch;
  align-self: stretch;
  border-radius: 10px;
  -webkit-box-pack: center;
  -webkit-justify-content: center;
  -ms-flex-pack: center;
  justify-content: center;
  -webkit-align-items: center;
  -webkit-box-align: center;
  -ms-flex-align: center;
  align-items: center;
  background-color: #D2D6E6;
}

.c3 {
  max-width: 80%;
  max-height: 70%;
  opacity: 1;
  -webkit-animation: dJeCOu 2s;
  animation: dJeCOu 2s;
}

.c5 {
  background-image: url(blink.png);
  display: -webkit-box;
  display: -webkit-flex;
  display: -ms-flexbox;
  display: flex;
  width: 100px;
  height: 100px;
  -webkit-box-pack: center;
  -webkit-justify-content: center;
  -ms-flex-pack: center;
  justify-content: center;
  -webkit-align-items: center;
  -webkit-box-align: center;
  -ms-flex-align: center;
  align-items: center;
  -webkit-align-self: center;
  -ms-flex-item-align: center;
  align-self: center;
  background-size: cover;
  -webkit-animation: jdUSDT 1s steps(23);
  animation: jdUSDT 1s steps(23);
}

.c4 {
  display: -webkit-box;
  display: -webkit-flex;
  display: -ms-flexbox;
  display: flex;
  -webkit-align-items: center;
  -webkit-box-align: center;
  -ms-flex-align: center;
  align-items: center;
  -webkit-box-pack: center;
  -webkit-justify-content: center;
  -ms-flex-pack: center;
  justify-content: center;
  -webkit-flex: 1;
  -ms-flex: 1;
  flex: 1;
  -webkit-animation: kKMSIs 0s ease-in 1s forwards;
  animation: kKMSIs 0s ease-in 1s forwards;
  position: absolute;
}

.c2 {
  display: -webkit-box;
  display: -webkit-flex;
  display: -ms-flexbox;
  display: flex;
  -webkit-flex: 1;
  -ms-flex: 1;
  flex: 1;
  width: 100px;
  height: 100px;
  border-radius: 10px;
  -webkit-box-pack: center;
  -webkit-justify-content: center;
  -ms-flex-pack: center;
  justify-content: center;
  -webkit-align-self: center;
  -ms-flex-item-align: center;
  align-self: center;
  -webkit-align-items: center;
  -webkit-box-align: center;
  -ms-flex-align: center;
  align-items: center;
}

<div
  className="c0"
>
  <span
    className="c1"
    onClick={[Function]}
  >
    <div
      className="c2"
    >
      <img
        className="c3"
        src="diamond.png"
      />
      <div
        className="c4"
      >
        <div
          className="c5"
        />
      </div>
    </div>
  </span>
</div>
`;

exports[`Storyshots Card revealed with mine 1`] = `
.c0 {
  -webkit-flex: 1;
  -ms-flex: 1;
  flex: 1;
  display: -webkit-box;
  display: -webkit-flex;
  display: -ms-flexbox;
  display: flex;
  -webkit-align-items: center;
  -webkit-box-align: center;
  -ms-flex-align: center;
  align-items: center;
  -webkit-box-pack: center;
  -webkit-justify-content: center;
  -ms-flex-pack: center;
  justify-content: center;
  width: 100px;
  -webkit-flex: 0 0 100px;
  -ms-flex: 0 0 100px;
  flex: 0 0 100px;
  height: 100px;
  margin: 6px;
}

.c1 {
  display: -webkit-box;
  display: -webkit-flex;
  display: -ms-flexbox;
  display: flex;
  -webkit-flex: 1;
  -ms-flex: 1;
  flex: 1;
  -webkit-align-self: stretch;
  -ms-flex-item-align: stretch;
  align-self: stretch;
  border-radius: 10px;
  -webkit-box-pack: center;
  -webkit-justify-content: center;
  -ms-flex-pack: center;
  justify-content: center;
  -webkit-align-items: center;
  -webkit-box-align: center;
  -ms-flex-align: center;
  align-items: center;
  background-color: #D2D6E6;
}

.c3 {
  max-width: 80%;
  max-height: 70%;
  opacity: 1;
  -webkit-animation: dJeCOu 2s;
  animation: dJeCOu 2s;
}

.c5 {
  background-image: url(burst.png);
  display: -webkit-box;
  display: -webkit-flex;
  display: -ms-flexbox;
  display: flex;
  width: 200px;
  height: 200px;
  -webkit-box-pack: center;
  -webkit-justify-content: center;
  -ms-flex-pack: center;
  justify-content: center;
  -webkit-align-items: center;
  -webkit-box-align: center;
  -ms-flex-align: center;
  align-items: center;
  -webkit-align-self: center;
  -ms-flex-item-align: center;
  align-self: center;
  background-size: cover;
  background-size: cover;
  -webkit-animation: kvgzel 6s steps(40);
  animation: kvgzel 6s steps(40);
}

.c4 {
  display: -webkit-box;
  display: -webkit-flex;
  display: -ms-flexbox;
  display: flex;
  -webkit-align-items: center;
  -webkit-box-align: center;
  -ms-flex-align: center;
  align-items: center;
  -webkit-box-pack: center;
  -webkit-justify-content: center;
  -ms-flex-pack: center;
  justify-content: center;
  -webkit-flex: 1;
  -ms-flex: 1;
  flex: 1;
  -webkit-animation: kKMSIs 0s ease-in 1s forwards;
  animation: kKMSIs 0s ease-in 1s forwards;
  position: absolute;
}

.c2 {
  display: -webkit-box;
  display: -webkit-flex;
  display: -ms-flexbox;
  display: flex;
  -webkit-flex: 1;
  -ms-flex: 1;
  flex: 1;
  width: 100px;
  height: 100px;
  border-radius: 10px;
  -webkit-box-pack: center;
  -webkit-justify-content: center;
  -ms-flex-pack: center;
  justify-content: center;
  -webkit-align-self: center;
  -ms-flex-item-align: center;
  align-self: center;
  -webkit-align-items: center;
  -webkit-box-align: center;
  -ms-flex-align: center;
  align-items: center;
}

<div
  className="c0"
>
  <span
    className="c1"
    onClick={[Function]}
  >
    <div
      className="c2"
    >
      <img
        className="c3"
        src="mine.png"
      />
      <div
        className="c4"
      >
        <div
          className="c5"
        />
      </div>
    </div>
  </span>
</div>
`;

exports[`Storyshots CardContainer fetching false with custom props revealed with a diamond 1`] = `
.c1 {
  -webkit-flex: 1;
  -ms-flex: 1;
  flex: 1;
  display: -webkit-box;
  display: -webkit-flex;
  display: -ms-flexbox;
  display: flex;
  -webkit-align-items: center;
  -webkit-box-align: center;
  -ms-flex-align: center;
  align-items: center;
  -webkit-box-pack: center;
  -webkit-justify-content: center;
  -ms-flex-pack: center;
  justify-content: center;
  width: 100px;
  -webkit-flex: 0 0 100px;
  -ms-flex: 0 0 100px;
  flex: 0 0 100px;
  height: 100px;
  margin: 6px;
}

.c2 {
  display: -webkit-box;
  display: -webkit-flex;
  display: -ms-flexbox;
  display: flex;
  -webkit-flex: 1;
  -ms-flex: 1;
  flex: 1;
  -webkit-align-self: stretch;
  -ms-flex-item-align: stretch;
  align-self: stretch;
  border-radius: 10px;
  -webkit-box-pack: center;
  -webkit-justify-content: center;
  -ms-flex-pack: center;
  justify-content: center;
  -webkit-align-items: center;
  -webkit-box-align: center;
  -ms-flex-align: center;
  align-items: center;
  background-color: #D2D6E6;
}

.c4 {
  max-width: 80%;
  max-height: 70%;
  opacity: 1;
  -webkit-animation: dJeCOu 2s;
  animation: dJeCOu 2s;
}

.c6 {
  background-image: url(blink.png);
  display: -webkit-box;
  display: -webkit-flex;
  display: -ms-flexbox;
  display: flex;
  width: 100px;
  height: 100px;
  -webkit-box-pack: center;
  -webkit-justify-content: center;
  -ms-flex-pack: center;
  justify-content: center;
  -webkit-align-items: center;
  -webkit-box-align: center;
  -ms-flex-align: center;
  align-items: center;
  -webkit-align-self: center;
  -ms-flex-item-align: center;
  align-self: center;
  background-size: cover;
  -webkit-animation: jdUSDT 1s steps(23);
  animation: jdUSDT 1s steps(23);
}

.c5 {
  display: -webkit-box;
  display: -webkit-flex;
  display: -ms-flexbox;
  display: flex;
  -webkit-align-items: center;
  -webkit-box-align: center;
  -ms-flex-align: center;
  align-items: center;
  -webkit-box-pack: center;
  -webkit-justify-content: center;
  -ms-flex-pack: center;
  justify-content: center;
  -webkit-flex: 1;
  -ms-flex: 1;
  flex: 1;
  -webkit-animation: kKMSIs 0s ease-in 1s forwards;
  animation: kKMSIs 0s ease-in 1s forwards;
  position: absolute;
}

.c3 {
  display: -webkit-box;
  display: -webkit-flex;
  display: -ms-flexbox;
  display: flex;
  -webkit-flex: 1;
  -ms-flex: 1;
  flex: 1;
  width: 100px;
  height: 100px;
  border-radius: 10px;
  -webkit-box-pack: center;
  -webkit-justify-content: center;
  -ms-flex-pack: center;
  justify-content: center;
  -webkit-align-self: center;
  -ms-flex-item-align: center;
  align-self: center;
  -webkit-align-items: center;
  -webkit-box-align: center;
  -ms-flex-align: center;
  align-items: center;
}

.c0 {
  display: -webkit-box;
  display: -webkit-flex;
  display: -ms-flexbox;
  display: flex;
  -webkit-flex: 1;
  -ms-flex: 1;
  flex: 1;
  width: 130px;
  height: 130px;
}

<div
  className="c0"
>
  <div
    className="c1"
  >
    <span
      className="c2"
      onClick={[Function]}
    >
      <div
        className="c3"
      >
        <img
          className="c4"
          src="diamond.png"
        />
        <div
          className="c5"
        >
          <div
            className="c6"
          />
        </div>
      </div>
    </span>
  </div>
</div>
`;

exports[`Storyshots CardContainer fetching false with custom props revealed with a mine 1`] = `
.c1 {
  -webkit-flex: 1;
  -ms-flex: 1;
  flex: 1;
  display: -webkit-box;
  display: -webkit-flex;
  display: -ms-flexbox;
  display: flex;
  -webkit-align-items: center;
  -webkit-box-align: center;
  -ms-flex-align: center;
  align-items: center;
  -webkit-box-pack: center;
  -webkit-justify-content: center;
  -ms-flex-pack: center;
  justify-content: center;
  width: 100px;
  -webkit-flex: 0 0 100px;
  -ms-flex: 0 0 100px;
  flex: 0 0 100px;
  height: 100px;
  margin: 6px;
}

.c2 {
  display: -webkit-box;
  display: -webkit-flex;
  display: -ms-flexbox;
  display: flex;
  -webkit-flex: 1;
  -ms-flex: 1;
  flex: 1;
  -webkit-align-self: stretch;
  -ms-flex-item-align: stretch;
  align-self: stretch;
  border-radius: 10px;
  -webkit-box-pack: center;
  -webkit-justify-content: center;
  -ms-flex-pack: center;
  justify-content: center;
  -webkit-align-items: center;
  -webkit-box-align: center;
  -ms-flex-align: center;
  align-items: center;
  background-color: #D2D6E6;
}

.c4 {
  max-width: 80%;
  max-height: 70%;
  opacity: 1;
  -webkit-animation: dJeCOu 2s;
  animation: dJeCOu 2s;
}

.c6 {
  background-image: url(burst.png);
  display: -webkit-box;
  display: -webkit-flex;
  display: -ms-flexbox;
  display: flex;
  width: 200px;
  height: 200px;
  -webkit-box-pack: center;
  -webkit-justify-content: center;
  -ms-flex-pack: center;
  justify-content: center;
  -webkit-align-items: center;
  -webkit-box-align: center;
  -ms-flex-align: center;
  align-items: center;
  -webkit-align-self: center;
  -ms-flex-item-align: center;
  align-self: center;
  background-size: cover;
  background-size: cover;
  -webkit-animation: kvgzel 6s steps(40);
  animation: kvgzel 6s steps(40);
}

.c5 {
  display: -webkit-box;
  display: -webkit-flex;
  display: -ms-flexbox;
  display: flex;
  -webkit-align-items: center;
  -webkit-box-align: center;
  -ms-flex-align: center;
  align-items: center;
  -webkit-box-pack: center;
  -webkit-justify-content: center;
  -ms-flex-pack: center;
  justify-content: center;
  -webkit-flex: 1;
  -ms-flex: 1;
  flex: 1;
  -webkit-animation: kKMSIs 0s ease-in 1s forwards;
  animation: kKMSIs 0s ease-in 1s forwards;
  position: absolute;
}

.c3 {
  display: -webkit-box;
  display: -webkit-flex;
  display: -ms-flexbox;
  display: flex;
  -webkit-flex: 1;
  -ms-flex: 1;
  flex: 1;
  width: 100px;
  height: 100px;
  border-radius: 10px;
  -webkit-box-pack: center;
  -webkit-justify-content: center;
  -ms-flex-pack: center;
  justify-content: center;
  -webkit-align-self: center;
  -ms-flex-item-align: center;
  align-self: center;
  -webkit-align-items: center;
  -webkit-box-align: center;
  -ms-flex-align: center;
  align-items: center;
}

.c0 {
  display: -webkit-box;
  display: -webkit-flex;
  display: -ms-flexbox;
  display: flex;
  -webkit-flex: 1;
  -ms-flex: 1;
  flex: 1;
  width: 130px;
  height: 130px;
}

<div
  className="c0"
>
  <div
    className="c1"
  >
    <span
      className="c2"
      onClick={[Function]}
    >
      <div
        className="c3"
      >
        <img
          className="c4"
          src="mine.png"
        />
        <div
          className="c5"
        >
          <div
            className="c6"
          />
        </div>
      </div>
    </span>
  </div>
</div>
`;

exports[`Storyshots CardContainer fetching true (clickable) 1`] = `
.c1 {
  -webkit-flex: 1;
  -ms-flex: 1;
  flex: 1;
  display: -webkit-box;
  display: -webkit-flex;
  display: -ms-flexbox;
  display: flex;
  -webkit-align-items: center;
  -webkit-box-align: center;
  -ms-flex-align: center;
  align-items: center;
  -webkit-box-pack: center;
  -webkit-justify-content: center;
  -ms-flex-pack: center;
  justify-content: center;
  width: 100px;
  -webkit-flex: 0 0 100px;
  -ms-flex: 0 0 100px;
  flex: 0 0 100px;
  height: 100px;
  margin: 6px;
}

.c2 {
  display: -webkit-box;
  display: -webkit-flex;
  display: -ms-flexbox;
  display: flex;
  -webkit-flex: 1;
  -ms-flex: 1;
  flex: 1;
  -webkit-align-self: stretch;
  -ms-flex-item-align: stretch;
  align-self: stretch;
  border-radius: 10px;
  -webkit-box-pack: center;
  -webkit-justify-content: center;
  -ms-flex-pack: center;
  justify-content: center;
  -webkit-align-items: center;
  -webkit-box-align: center;
  -ms-flex-align: center;
  align-items: center;
  background-color: #FFFFFF;
}

.c0 {
  display: -webkit-box;
  display: -webkit-flex;
  display: -ms-flexbox;
  display: flex;
  -webkit-flex: 1;
  -ms-flex: 1;
  flex: 1;
  width: 130px;
  height: 130px;
}

<div
  className="c0"
>
  <div
    className="c1"
  >
    <span
      className="c2"
      onClick={[Function]}
    />
  </div>
</div>
`;

exports[`Storyshots FetchingCard fetching 1`] = `
.c0 {
  display: -webkit-box;
  display: -webkit-flex;
  display: -ms-flexbox;
  display: flex;
  -webkit-flex: 1;
  -ms-flex: 1;
  flex: 1;
  -webkit-align-items: center;
  -webkit-box-align: center;
  -ms-flex-align: center;
  align-items: center;
  -webkit-box-pack: center;
  -webkit-justify-content: center;
  -ms-flex-pack: center;
  justify-content: center;
  width: 100px;
  -webkit-flex: 0 0 100px;
  -ms-flex: 0 0 100px;
  flex: 0 0 100px;
  height: 100px;
  margin: 6px;
}

.c1 {
  display: -webkit-box;
  display: -webkit-flex;
  display: -ms-flexbox;
  display: flex;
  -webkit-flex: 1;
  -ms-flex: 1;
  flex: 1;
  -webkit-align-self: stretch;
  -ms-flex-item-align: stretch;
  align-self: stretch;
  border-radius: 10px;
  -webkit-box-pack: center;
  -webkit-justify-content: center;
  -ms-flex-pack: center;
  justify-content: center;
  -webkit-align-items: center;
  -webkit-box-align: center;
  -ms-flex-align: center;
  align-items: center;
  box-shadow: 0 0 1px 1px #D2D6E6;
  background-color: #D2D6E6;
}

.c2 {
  display: -webkit-box;
  display: -webkit-flex;
  display: -ms-flexbox;
  display: flex;
  width: 100px;
  height: 100px;
  border-radius: 10px;
  -webkit-box-pack: center;
  -webkit-justify-content: center;
  -ms-flex-pack: center;
  justify-content: center;
  -webkit-align-items: center;
  -webkit-box-align: center;
  -ms-flex-align: center;
  align-items: center;
  -webkit-align-self: center;
  -ms-flex-item-align: center;
  align-self: center;
  background-color: #FFFFFF;
  -webkit-animation: deBNxY 2s infinite;
  animation: deBNxY 2s infinite;
}

<div
  className="c0"
>
  <span
    className="c1"
  >
    <div
      className="c2"
    />
  </span>
</div>
`;

exports[`Storyshots Game all items not revealed (clickable) 1`] = `
.c1 {
  -webkit-flex: 1;
  -ms-flex: 1;
  flex: 1;
  display: -webkit-box;
  display: -webkit-flex;
  display: -ms-flexbox;
  display: flex;
  -webkit-align-items: center;
  -webkit-box-align: center;
  -ms-flex-align: center;
  align-items: center;
  -webkit-box-pack: center;
  -webkit-justify-content: center;
  -ms-flex-pack: center;
  justify-content: center;
  width: 100px;
  -webkit-flex: 0 0 100px;
  -ms-flex: 0 0 100px;
  flex: 0 0 100px;
  height: 100px;
  margin: 6px;
}

.c2 {
  display: -webkit-box;
  display: -webkit-flex;
  display: -ms-flexbox;
  display: flex;
  -webkit-flex: 1;
  -ms-flex: 1;
  flex: 1;
  -webkit-align-self: stretch;
  -ms-flex-item-align: stretch;
  align-self: stretch;
  border-radius: 10px;
  -webkit-box-pack: center;
  -webkit-justify-content: center;
  -ms-flex-pack: center;
  justify-content: center;
  -webkit-align-items: center;
  -webkit-box-align: center;
  -ms-flex-align: center;
  align-items: center;
  background-color: #FFFFFF;
}

.c0 {
  display: -webkit-box;
  display: -webkit-flex;
  display: -ms-flexbox;
  display: flex;
  -webkit-flex: 1;
  -ms-flex: 1;
  flex: 1;
  -webkit-flex-wrap: wrap;
  -ms-flex-wrap: wrap;
  flex-wrap: wrap;
  width: 35em;
  -webkit-flex: 0 0 35em;
  -ms-flex: 0 0 35em;
  flex: 0 0 35em;
  height: 35em;
  background-color: #E2E4F0;
}

<div
  className="c0"
>
  <div
    className="c1"
  >
    <span
      className="c2"
      onClick={[Function]}
    />
  </div>
  <div
    className="c1"
  >
    <span
      className="c2"
      onClick={[Function]}
    />
  </div>
  <div
    className="c1"
  >
    <span
      className="c2"
      onClick={[Function]}
    />
  </div>
  <div
    className="c1"
  >
    <span
      className="c2"
      onClick={[Function]}
    />
  </div>
  <div
    className="c1"
  >
    <span
      className="c2"
      onClick={[Function]}
    />
  </div>
  <div
    className="c1"
  >
    <span
      className="c2"
      onClick={[Function]}
    />
  </div>
  <div
    className="c1"
  >
    <span
      className="c2"
      onClick={[Function]}
    />
  </div>
  <div
    className="c1"
  >
    <span
      className="c2"
      onClick={[Function]}
    />
  </div>
  <div
    className="c1"
  >
    <span
      className="c2"
      onClick={[Function]}
    />
  </div>
  <div
    className="c1"
  >
    <span
      className="c2"
      onClick={[Function]}
    />
  </div>
  <div
    className="c1"
  >
    <span
      className="c2"
      onClick={[Function]}
    />
  </div>
  <div
    className="c1"
  >
    <span
      className="c2"
      onClick={[Function]}
    />
  </div>
  <div
    className="c1"
  >
    <span
      className="c2"
      onClick={[Function]}
    />
  </div>
  <div
    className="c1"
  >
    <span
      className="c2"
      onClick={[Function]}
    />
  </div>
  <div
    className="c1"
  >
    <span
      className="c2"
      onClick={[Function]}
    />
  </div>
  <div
    className="c1"
  >
    <span
      className="c2"
      onClick={[Function]}
    />
  </div>
  <div
    className="c1"
  >
    <span
      className="c2"
      onClick={[Function]}
    />
  </div>
  <div
    className="c1"
  >
    <span
      className="c2"
      onClick={[Function]}
    />
  </div>
  <div
    className="c1"
  >
    <span
      className="c2"
      onClick={[Function]}
    />
  </div>
  <div
    className="c1"
  >
    <span
      className="c2"
      onClick={[Function]}
    />
  </div>
  <div
    className="c1"
  >
    <span
      className="c2"
      onClick={[Function]}
    />
  </div>
  <div
    className="c1"
  >
    <span
      className="c2"
      onClick={[Function]}
    />
  </div>
  <div
    className="c1"
  >
    <span
      className="c2"
      onClick={[Function]}
    />
  </div>
  <div
    className="c1"
  >
    <span
      className="c2"
      onClick={[Function]}
    />
  </div>
  <div
    className="c1"
  >
    <span
      className="c2"
      onClick={[Function]}
    />
  </div>
</div>
`;

exports[`Storyshots Game is lost with two mines 1`] = `
.c2 {
  -webkit-flex: 1;
  -ms-flex: 1;
  flex: 1;
  display: -webkit-box;
  display: -webkit-flex;
  display: -ms-flexbox;
  display: flex;
  -webkit-align-items: center;
  -webkit-box-align: center;
  -ms-flex-align: center;
  align-items: center;
  -webkit-box-pack: center;
  -webkit-justify-content: center;
  -ms-flex-pack: center;
  justify-content: center;
  width: 100px;
  -webkit-flex: 0 0 100px;
  -ms-flex: 0 0 100px;
  flex: 0 0 100px;
  height: 100px;
  margin: 6px;
}

.c3 {
  display: -webkit-box;
  display: -webkit-flex;
  display: -ms-flexbox;
  display: flex;
  -webkit-flex: 1;
  -ms-flex: 1;
  flex: 1;
  -webkit-align-self: stretch;
  -ms-flex-item-align: stretch;
  align-self: stretch;
  border-radius: 10px;
  -webkit-box-pack: center;
  -webkit-justify-content: center;
  -ms-flex-pack: center;
  justify-content: center;
  -webkit-align-items: center;
  -webkit-box-align: center;
  -ms-flex-align: center;
  align-items: center;
  background-color: #D2D6E6;
}

.c5 {
  max-width: 80%;
  max-height: 70%;
  opacity: 1;
  -webkit-animation: dJeCOu 2s;
  animation: dJeCOu 2s;
}

.c8 {
  max-width: 60%;
  max-height: 50%;
  opacity: 0.6;
  -webkit-animation: dJeCOu 2s;
  animation: dJeCOu 2s;
}

.c7 {
  background-image: url(burst.png);
  display: -webkit-box;
  display: -webkit-flex;
  display: -ms-flexbox;
  display: flex;
  width: 200px;
  height: 200px;
  -webkit-box-pack: center;
  -webkit-justify-content: center;
  -ms-flex-pack: center;
  justify-content: center;
  -webkit-align-items: center;
  -webkit-box-align: center;
  -ms-flex-align: center;
  align-items: center;
  -webkit-align-self: center;
  -ms-flex-item-align: center;
  align-self: center;
  background-size: cover;
  background-size: cover;
  -webkit-animation: kvgzel 6s steps(40);
  animation: kvgzel 6s steps(40);
}

.c6 {
  display: -webkit-box;
  display: -webkit-flex;
  display: -ms-flexbox;
  display: flex;
  -webkit-align-items: center;
  -webkit-box-align: center;
  -ms-flex-align: center;
  align-items: center;
  -webkit-box-pack: center;
  -webkit-justify-content: center;
  -ms-flex-pack: center;
  justify-content: center;
  -webkit-flex: 1;
  -ms-flex: 1;
  flex: 1;
  -webkit-animation: kKMSIs 0s ease-in 1s forwards;
  animation: kKMSIs 0s ease-in 1s forwards;
  position: absolute;
}

.c4 {
  display: -webkit-box;
  display: -webkit-flex;
  display: -ms-flexbox;
  display: flex;
  -webkit-flex: 1;
  -ms-flex: 1;
  flex: 1;
  width: 100px;
  height: 100px;
  border-radius: 10px;
  -webkit-box-pack: center;
  -webkit-justify-content: center;
  -ms-flex-pack: center;
  justify-content: center;
  -webkit-align-self: center;
  -ms-flex-item-align: center;
  align-self: center;
  -webkit-align-items: center;
  -webkit-box-align: center;
  -ms-flex-align: center;
  align-items: center;
}

.c1 {
  display: -webkit-box;
  display: -webkit-flex;
  display: -ms-flexbox;
  display: flex;
  -webkit-flex: 1;
  -ms-flex: 1;
  flex: 1;
  -webkit-flex-wrap: wrap;
  -ms-flex-wrap: wrap;
  flex-wrap: wrap;
  width: 35em;
  -webkit-flex: 0 0 35em;
  -ms-flex: 0 0 35em;
  flex: 0 0 35em;
  height: 35em;
  background-color: #E2E4F0;
}

.c0 {
  display: -webkit-box;
  display: -webkit-flex;
  display: -ms-flexbox;
  display: flex;
  -webkit-flex: 1;
  -ms-flex: 1;
  flex: 1;
}

<div
  className="c0"
>
  <div
    className="c1"
  >
    <div
      className="c2"
    >
      <span
        className="c3"
        onClick={[Function]}
      >
        <div
          className="c4"
        >
          <img
            className="c5"
            src="mine.png"
          />
          <div
            className="c6"
          >
            <div
              className="c7"
            />
          </div>
        </div>
      </span>
    </div>
    <div
      className="c2"
    >
      <span
        className="c3"
        onClick={[Function]}
      >
        <div
          className="c4"
        >
          <img
            className="c8"
            src="mine.png"
          />
        </div>
      </span>
    </div>
    <div
      className="c2"
    >
      <span
        className="c3"
        onClick={[Function]}
      >
        <div
          className="c4"
        >
          <img
            className="c8"
            src="diamond.png"
          />
        </div>
      </span>
    </div>
    <div
      className="c2"
    >
      <span
        className="c3"
        onClick={[Function]}
      >
        <div
          className="c4"
        >
          <img
            className="c8"
            src="diamond.png"
          />
        </div>
      </span>
    </div>
    <div
      className="c2"
    >
      <span
        className="c3"
        onClick={[Function]}
      >
        <div
          className="c4"
        >
          <img
            className="c8"
            src="diamond.png"
          />
        </div>
      </span>
    </div>
    <div
      className="c2"
    >
      <span
        className="c3"
        onClick={[Function]}
      >
        <div
          className="c4"
        >
          <img
            className="c8"
            src="diamond.png"
          />
        </div>
      </span>
    </div>
    <div
      className="c2"
    >
      <span
        className="c3"
        onClick={[Function]}
      >
        <div
          className="c4"
        >
          <img
            className="c8"
            src="diamond.png"
          />
        </div>
      </span>
    </div>
    <div
      className="c2"
    >
      <span
        className="c3"
        onClick={[Function]}
      >
        <div
          className="c4"
        >
          <img
            className="c8"
            src="diamond.png"
          />
        </div>
      </span>
    </div>
    <div
      className="c2"
    >
      <span
        className="c3"
        onClick={[Function]}
      >
        <div
          className="c4"
        >
          <img
            className="c8"
            src="diamond.png"
          />
        </div>
      </span>
    </div>
    <div
      className="c2"
    >
      <span
        className="c3"
        onClick={[Function]}
      >
        <div
          className="c4"
        >
          <img
            className="c8"
            src="diamond.png"
          />
        </div>
      </span>
    </div>
    <div
      className="c2"
    >
      <span
        className="c3"
        onClick={[Function]}
      >
        <div
          className="c4"
        >
          <img
            className="c8"
            src="diamond.png"
          />
        </div>
      </span>
    </div>
    <div
      className="c2"
    >
      <span
        className="c3"
        onClick={[Function]}
      >
        <div
          className="c4"
        >
          <img
            className="c8"
            src="diamond.png"
          />
        </div>
      </span>
    </div>
    <div
      className="c2"
    >
      <span
        className="c3"
        onClick={[Function]}
      >
        <div
          className="c4"
        >
          <img
            className="c8"
            src="diamond.png"
          />
        </div>
      </span>
    </div>
    <div
      className="c2"
    >
      <span
        className="c3"
        onClick={[Function]}
      >
        <div
          className="c4"
        >
          <img
            className="c8"
            src="diamond.png"
          />
        </div>
      </span>
    </div>
    <div
      className="c2"
    >
      <span
        className="c3"
        onClick={[Function]}
      >
        <div
          className="c4"
        >
          <img
            className="c8"
            src="diamond.png"
          />
        </div>
      </span>
    </div>
    <div
      className="c2"
    >
      <span
        className="c3"
        onClick={[Function]}
      >
        <div
          className="c4"
        >
          <img
            className="c8"
            src="diamond.png"
          />
        </div>
      </span>
    </div>
    <div
      className="c2"
    >
      <span
        className="c3"
        onClick={[Function]}
      >
        <div
          className="c4"
        >
          <img
            className="c8"
            src="diamond.png"
          />
        </div>
      </span>
    </div>
    <div
      className="c2"
    >
      <span
        className="c3"
        onClick={[Function]}
      >
        <div
          className="c4"
        >
          <img
            className="c8"
            src="diamond.png"
          />
        </div>
      </span>
    </div>
    <div
      className="c2"
    >
      <span
        className="c3"
        onClick={[Function]}
      >
        <div
          className="c4"
        >
          <img
            className="c8"
            src="diamond.png"
          />
        </div>
      </span>
    </div>
    <div
      className="c2"
    >
      <span
        className="c3"
        onClick={[Function]}
      >
        <div
          className="c4"
        >
          <img
            className="c8"
            src="diamond.png"
          />
        </div>
      </span>
    </div>
    <div
      className="c2"
    >
      <span
        className="c3"
        onClick={[Function]}
      >
        <div
          className="c4"
        >
          <img
            className="c8"
            src="diamond.png"
          />
        </div>
      </span>
    </div>
    <div
      className="c2"
    >
      <span
        className="c3"
        onClick={[Function]}
      >
        <div
          className="c4"
        >
          <img
            className="c8"
            src="diamond.png"
          />
        </div>
      </span>
    </div>
    <div
      className="c2"
    >
      <span
        className="c3"
        onClick={[Function]}
      >
        <div
          className="c4"
        >
          <img
            className="c8"
            src="diamond.png"
          />
        </div>
      </span>
    </div>
    <div
      className="c2"
    >
      <span
        className="c3"
        onClick={[Function]}
      >
        <div
          className="c4"
        >
          <img
            className="c8"
            src="diamond.png"
          />
        </div>
      </span>
    </div>
    <div
      className="c2"
    >
      <span
        className="c3"
        onClick={[Function]}
      >
        <div
          className="c4"
        >
          <img
            className="c8"
            src="diamond.png"
          />
        </div>
      </span>
    </div>
  </div>
</div>
`;

exports[`Storyshots Game is win with two mines 1`] = `
.c2 {
  -webkit-flex: 1;
  -ms-flex: 1;
  flex: 1;
  display: -webkit-box;
  display: -webkit-flex;
  display: -ms-flexbox;
  display: flex;
  -webkit-align-items: center;
  -webkit-box-align: center;
  -ms-flex-align: center;
  align-items: center;
  -webkit-box-pack: center;
  -webkit-justify-content: center;
  -ms-flex-pack: center;
  justify-content: center;
  width: 100px;
  -webkit-flex: 0 0 100px;
  -ms-flex: 0 0 100px;
  flex: 0 0 100px;
  height: 100px;
  margin: 6px;
}

.c3 {
  display: -webkit-box;
  display: -webkit-flex;
  display: -ms-flexbox;
  display: flex;
  -webkit-flex: 1;
  -ms-flex: 1;
  flex: 1;
  -webkit-align-self: stretch;
  -ms-flex-item-align: stretch;
  align-self: stretch;
  border-radius: 10px;
  -webkit-box-pack: center;
  -webkit-justify-content: center;
  -ms-flex-pack: center;
  justify-content: center;
  -webkit-align-items: center;
  -webkit-box-align: center;
  -ms-flex-align: center;
  align-items: center;
  background-color: #D2D6E6;
}

.c5 {
  max-width: 80%;
  max-height: 70%;
  opacity: 1;
  -webkit-animation: dJeCOu 2s;
  animation: dJeCOu 2s;
}

.c8 {
  max-width: 60%;
  max-height: 50%;
  opacity: 0.6;
  -webkit-animation: dJeCOu 2s;
  animation: dJeCOu 2s;
}

.c7 {
  background-image: url(blink.png);
  display: -webkit-box;
  display: -webkit-flex;
  display: -ms-flexbox;
  display: flex;
  width: 100px;
  height: 100px;
  -webkit-box-pack: center;
  -webkit-justify-content: center;
  -ms-flex-pack: center;
  justify-content: center;
  -webkit-align-items: center;
  -webkit-box-align: center;
  -ms-flex-align: center;
  align-items: center;
  -webkit-align-self: center;
  -ms-flex-item-align: center;
  align-self: center;
  background-size: cover;
  -webkit-animation: jdUSDT 1s steps(23);
  animation: jdUSDT 1s steps(23);
}

.c6 {
  display: -webkit-box;
  display: -webkit-flex;
  display: -ms-flexbox;
  display: flex;
  -webkit-align-items: center;
  -webkit-box-align: center;
  -ms-flex-align: center;
  align-items: center;
  -webkit-box-pack: center;
  -webkit-justify-content: center;
  -ms-flex-pack: center;
  justify-content: center;
  -webkit-flex: 1;
  -ms-flex: 1;
  flex: 1;
  -webkit-animation: kKMSIs 0s ease-in 1s forwards;
  animation: kKMSIs 0s ease-in 1s forwards;
  position: absolute;
}

.c4 {
  display: -webkit-box;
  display: -webkit-flex;
  display: -ms-flexbox;
  display: flex;
  -webkit-flex: 1;
  -ms-flex: 1;
  flex: 1;
  width: 100px;
  height: 100px;
  border-radius: 10px;
  -webkit-box-pack: center;
  -webkit-justify-content: center;
  -ms-flex-pack: center;
  justify-content: center;
  -webkit-align-self: center;
  -ms-flex-item-align: center;
  align-self: center;
  -webkit-align-items: center;
  -webkit-box-align: center;
  -ms-flex-align: center;
  align-items: center;
}

.c1 {
  display: -webkit-box;
  display: -webkit-flex;
  display: -ms-flexbox;
  display: flex;
  -webkit-flex: 1;
  -ms-flex: 1;
  flex: 1;
  -webkit-flex-wrap: wrap;
  -ms-flex-wrap: wrap;
  flex-wrap: wrap;
  width: 35em;
  -webkit-flex: 0 0 35em;
  -ms-flex: 0 0 35em;
  flex: 0 0 35em;
  height: 35em;
  background-color: #E2E4F0;
}

.c0 {
  display: -webkit-box;
  display: -webkit-flex;
  display: -ms-flexbox;
  display: flex;
  -webkit-flex: 1;
  -ms-flex: 1;
  flex: 1;
}

<div
  className="c0"
>
  <div
    className="c1"
  >
    <div
      className="c2"
    >
      <span
        className="c3"
        onClick={[Function]}
      >
        <div
          className="c4"
        >
          <img
            className="c5"
            src="diamond.png"
          />
          <div
            className="c6"
          >
            <div
              className="c7"
            />
          </div>
        </div>
      </span>
    </div>
    <div
      className="c2"
    >
      <span
        className="c3"
        onClick={[Function]}
      >
        <div
          className="c4"
        >
          <img
            className="c8"
            src="mine.png"
          />
        </div>
      </span>
    </div>
    <div
      className="c2"
    >
      <span
        className="c3"
        onClick={[Function]}
      >
        <div
          className="c4"
        >
          <img
            className="c8"
            src="mine.png"
          />
        </div>
      </span>
    </div>
    <div
      className="c2"
    >
      <span
        className="c3"
        onClick={[Function]}
      >
        <div
          className="c4"
        >
          <img
            className="c8"
            src="diamond.png"
          />
        </div>
      </span>
    </div>
    <div
      className="c2"
    >
      <span
        className="c3"
        onClick={[Function]}
      >
        <div
          className="c4"
        >
          <img
            className="c8"
            src="diamond.png"
          />
        </div>
      </span>
    </div>
    <div
      className="c2"
    >
      <span
        className="c3"
        onClick={[Function]}
      >
        <div
          className="c4"
        >
          <img
            className="c8"
            src="diamond.png"
          />
        </div>
      </span>
    </div>
    <div
      className="c2"
    >
      <span
        className="c3"
        onClick={[Function]}
      >
        <div
          className="c4"
        >
          <img
            className="c8"
            src="diamond.png"
          />
        </div>
      </span>
    </div>
    <div
      className="c2"
    >
      <span
        className="c3"
        onClick={[Function]}
      >
        <div
          className="c4"
        >
          <img
            className="c8"
            src="diamond.png"
          />
        </div>
      </span>
    </div>
    <div
      className="c2"
    >
      <span
        className="c3"
        onClick={[Function]}
      >
        <div
          className="c4"
        >
          <img
            className="c8"
            src="diamond.png"
          />
        </div>
      </span>
    </div>
    <div
      className="c2"
    >
      <span
        className="c3"
        onClick={[Function]}
      >
        <div
          className="c4"
        >
          <img
            className="c8"
            src="diamond.png"
          />
        </div>
      </span>
    </div>
    <div
      className="c2"
    >
      <span
        className="c3"
        onClick={[Function]}
      >
        <div
          className="c4"
        >
          <img
            className="c8"
            src="diamond.png"
          />
        </div>
      </span>
    </div>
    <div
      className="c2"
    >
      <span
        className="c3"
        onClick={[Function]}
      >
        <div
          className="c4"
        >
          <img
            className="c8"
            src="diamond.png"
          />
        </div>
      </span>
    </div>
    <div
      className="c2"
    >
      <span
        className="c3"
        onClick={[Function]}
      >
        <div
          className="c4"
        >
          <img
            className="c8"
            src="diamond.png"
          />
        </div>
      </span>
    </div>
    <div
      className="c2"
    >
      <span
        className="c3"
        onClick={[Function]}
      >
        <div
          className="c4"
        >
          <img
            className="c8"
            src="diamond.png"
          />
        </div>
      </span>
    </div>
    <div
      className="c2"
    >
      <span
        className="c3"
        onClick={[Function]}
      >
        <div
          className="c4"
        >
          <img
            className="c8"
            src="diamond.png"
          />
        </div>
      </span>
    </div>
    <div
      className="c2"
    >
      <span
        className="c3"
        onClick={[Function]}
      >
        <div
          className="c4"
        >
          <img
            className="c8"
            src="diamond.png"
          />
        </div>
      </span>
    </div>
    <div
      className="c2"
    >
      <span
        className="c3"
        onClick={[Function]}
      >
        <div
          className="c4"
        >
          <img
            className="c8"
            src="diamond.png"
          />
        </div>
      </span>
    </div>
    <div
      className="c2"
    >
      <span
        className="c3"
        onClick={[Function]}
      >
        <div
          className="c4"
        >
          <img
            className="c8"
            src="diamond.png"
          />
        </div>
      </span>
    </div>
    <div
      className="c2"
    >
      <span
        className="c3"
        onClick={[Function]}
      >
        <div
          className="c4"
        >
          <img
            className="c8"
            src="diamond.png"
          />
        </div>
      </span>
    </div>
    <div
      className="c2"
    >
      <span
        className="c3"
        onClick={[Function]}
      >
        <div
          className="c4"
        >
          <img
            className="c8"
            src="diamond.png"
          />
        </div>
      </span>
    </div>
    <div
      className="c2"
    >
      <span
        className="c3"
        onClick={[Function]}
      >
        <div
          className="c4"
        >
          <img
            className="c8"
            src="diamond.png"
          />
        </div>
      </span>
    </div>
    <div
      className="c2"
    >
      <span
        className="c3"
        onClick={[Function]}
      >
        <div
          className="c4"
        >
          <img
            className="c8"
            src="diamond.png"
          />
        </div>
      </span>
    </div>
    <div
      className="c2"
    >
      <span
        className="c3"
        onClick={[Function]}
      >
        <div
          className="c4"
        >
          <img
            className="c8"
            src="diamond.png"
          />
        </div>
      </span>
    </div>
    <div
      className="c2"
    >
      <span
        className="c3"
        onClick={[Function]}
      >
        <div
          className="c4"
        >
          <img
            className="c8"
            src="diamond.png"
          />
        </div>
      </span>
    </div>
    <div
      className="c2"
    >
      <span
        className="c3"
        onClick={[Function]}
      >
        <div
          className="c4"
        >
          <img
            className="c8"
            src="diamond.png"
          />
        </div>
      </span>
    </div>
  </div>
</div>
`;
