// Jest Snapshot v1, https://goo.gl/fbAQLP

exports[`Storyshots BlinkAnimation default 1`] = `
.c0 {
  position: relative;
  display: -webkit-box;
  display: -webkit-flex;
  display: -ms-flexbox;
  display: flex;
  -webkit-flex: 1;
  -ms-flex: 1;
  flex: 1;
  -webkit-align-items: center;
  -webkit-box-align: center;
  -ms-flex-align: center;
  align-items: center;
  -webkit-box-pack: center;
  -webkit-justify-content: center;
  -ms-flex-pack: center;
  justify-content: center;
}

.c0:before {
  content: "";
  display: block;
  padding-top: 90%;
}

.c1 {
  position: absolute;
  left: 0;
  right: 0;
  top: 0;
  bottom: 0;
  background: url(blink.png);
  background-size: 2400% 118%;
  -webkit-animation: cMWegV 1s steps(22);
  animation: cMWegV 1s steps(22);
}

<div
  className="c0"
>
  <div
    className="c1"
  />
</div>
`;

exports[`Storyshots Card is loss and half revealed with diamond 1`] = `
.c1 {
  display: -webkit-box;
  display: -webkit-flex;
  display: -ms-flexbox;
  display: flex;
  -webkit-flex: 1 0 20%;
  -ms-flex: 1 0 20%;
  flex: 1 0 20%;
}

.c2 {
  margin: 5px;
  display: -webkit-box;
  display: -webkit-flex;
  display: -ms-flexbox;
  display: flex;
  -webkit-flex: 1 0 20%;
  -ms-flex: 1 0 20%;
  flex: 1 0 20%;
  border-radius: 10px;
  background-color: #D2D6E6;
}

.c2::before {
  content: '';
  float: left;
  padding-top: 100%;
}

.c4 {
  width: 60%;
  height: 50%;
  opacity: 0.6;
  -webkit-animation: dJeCOu 2s;
  animation: dJeCOu 2s;
  background-image: url(diamond.png);
  background-repeat: no-repeat;
  background-position: center;
  background-size: contain;
}

.c3 {
  position: relative;
  display: -webkit-box;
  display: -webkit-flex;
  display: -ms-flexbox;
  display: flex;
  -webkit-flex: 1;
  -ms-flex: 1;
  flex: 1;
  -webkit-box-pack: center;
  -webkit-justify-content: center;
  -ms-flex-pack: center;
  justify-content: center;
  -webkit-align-items: center;
  -webkit-box-align: center;
  -ms-flex-align: center;
  align-items: center;
  height: 100%;
  width: 100%;
}

.c0 {
  list-style: none;
  display: -webkit-box;
  display: -moz-box;
  display: -ms-flexbox;
  display: -webkit-flex;
  display: -webkit-box;
  display: -webkit-flex;
  display: -ms-flexbox;
  display: flex;
  -webkit-box-pack: space-around;
  -webkit-justify-content: space-around;
  -ms-flex-pack: space-around;
  justify-content: space-around;
  -webkit-flex: 1;
  -ms-flex: 1;
  flex: 1;
  -webkit-flex-wrap: wrap;
  -ms-flex-wrap: wrap;
  flex-wrap: wrap;
}

<div
  className="c0"
>
  <div
    className="c1"
  >
    <div
      className="c2"
      onClick={[Function]}
    >
      <div
        className="c3"
      >
        <span
          className="c4"
          src="diamond.png"
        />
      </div>
    </div>
  </div>
  <div
    className="c1"
  >
    <div
      className="c2"
      onClick={[Function]}
    >
      <div
        className="c3"
      >
        <span
          className="c4"
          src="diamond.png"
        />
      </div>
    </div>
  </div>
  <div
    className="c1"
  >
    <div
      className="c2"
      onClick={[Function]}
    >
      <div
        className="c3"
      >
        <span
          className="c4"
          src="diamond.png"
        />
      </div>
    </div>
  </div>
</div>
`;

exports[`Storyshots Card is loss and half revealed with mine 1`] = `
.c1 {
  display: -webkit-box;
  display: -webkit-flex;
  display: -ms-flexbox;
  display: flex;
  -webkit-flex: 1 0 20%;
  -ms-flex: 1 0 20%;
  flex: 1 0 20%;
}

.c2 {
  margin: 5px;
  display: -webkit-box;
  display: -webkit-flex;
  display: -ms-flexbox;
  display: flex;
  -webkit-flex: 1 0 20%;
  -ms-flex: 1 0 20%;
  flex: 1 0 20%;
  border-radius: 10px;
  background-color: #D2D6E6;
}

.c2::before {
  content: '';
  float: left;
  padding-top: 100%;
}

.c4 {
  width: 60%;
  height: 50%;
  opacity: 0.6;
  -webkit-animation: dJeCOu 2s;
  animation: dJeCOu 2s;
  background-image: url(mine.png);
  background-repeat: no-repeat;
  background-position: center;
  background-size: contain;
}

.c3 {
  position: relative;
  display: -webkit-box;
  display: -webkit-flex;
  display: -ms-flexbox;
  display: flex;
  -webkit-flex: 1;
  -ms-flex: 1;
  flex: 1;
  -webkit-box-pack: center;
  -webkit-justify-content: center;
  -ms-flex-pack: center;
  justify-content: center;
  -webkit-align-items: center;
  -webkit-box-align: center;
  -ms-flex-align: center;
  align-items: center;
  height: 100%;
  width: 100%;
}

.c0 {
  list-style: none;
  display: -webkit-box;
  display: -moz-box;
  display: -ms-flexbox;
  display: -webkit-flex;
  display: -webkit-box;
  display: -webkit-flex;
  display: -ms-flexbox;
  display: flex;
  -webkit-box-pack: space-around;
  -webkit-justify-content: space-around;
  -ms-flex-pack: space-around;
  justify-content: space-around;
  -webkit-flex: 1;
  -ms-flex: 1;
  flex: 1;
  -webkit-flex-wrap: wrap;
  -ms-flex-wrap: wrap;
  flex-wrap: wrap;
}

<div
  className="c0"
>
  <div
    className="c1"
  >
    <div
      className="c2"
      onClick={[Function]}
    >
      <div
        className="c3"
      >
        <span
          className="c4"
          src="mine.png"
        />
      </div>
    </div>
  </div>
  <div
    className="c1"
  >
    <div
      className="c2"
      onClick={[Function]}
    >
      <div
        className="c3"
      >
        <span
          className="c4"
          src="mine.png"
        />
      </div>
    </div>
  </div>
  <div
    className="c1"
  >
    <div
      className="c2"
      onClick={[Function]}
    >
      <div
        className="c3"
      >
        <span
          className="c4"
          src="mine.png"
        />
      </div>
    </div>
  </div>
</div>
`;

exports[`Storyshots Card revealed with diamond 1`] = `
.c6 {
  position: relative;
  display: -webkit-box;
  display: -webkit-flex;
  display: -ms-flexbox;
  display: flex;
  -webkit-flex: 1;
  -ms-flex: 1;
  flex: 1;
  -webkit-align-items: center;
  -webkit-box-align: center;
  -ms-flex-align: center;
  align-items: center;
  -webkit-box-pack: center;
  -webkit-justify-content: center;
  -ms-flex-pack: center;
  justify-content: center;
}

.c6:before {
  content: "";
  display: block;
  padding-top: 90%;
}

.c7 {
  position: absolute;
  left: 0;
  right: 0;
  top: 0;
  bottom: 0;
  background: url(blink.png);
  background-size: 2400% 118%;
  -webkit-animation: cMWegV 1s steps(22);
  animation: cMWegV 1s steps(22);
}

.c1 {
  display: -webkit-box;
  display: -webkit-flex;
  display: -ms-flexbox;
  display: flex;
  -webkit-flex: 1 0 20%;
  -ms-flex: 1 0 20%;
  flex: 1 0 20%;
}

.c2 {
  margin: 5px;
  display: -webkit-box;
  display: -webkit-flex;
  display: -ms-flexbox;
  display: flex;
  -webkit-flex: 1 0 20%;
  -ms-flex: 1 0 20%;
  flex: 1 0 20%;
  border-radius: 10px;
  background-color: #D2D6E6;
}

.c2::before {
  content: '';
  float: left;
  padding-top: 100%;
}

.c4 {
  width: 80%;
  height: 70%;
  opacity: 1;
  -webkit-animation: dJeCOu 2s;
  animation: dJeCOu 2s;
  background-image: url(diamond.png);
  background-repeat: no-repeat;
  background-position: center;
  background-size: contain;
}

.c3 {
  position: relative;
  display: -webkit-box;
  display: -webkit-flex;
  display: -ms-flexbox;
  display: flex;
  -webkit-flex: 1;
  -ms-flex: 1;
  flex: 1;
  -webkit-box-pack: center;
  -webkit-justify-content: center;
  -ms-flex-pack: center;
  justify-content: center;
  -webkit-align-items: center;
  -webkit-box-align: center;
  -ms-flex-align: center;
  align-items: center;
  height: 100%;
  width: 100%;
}

.c5 {
  height: 100%;
  width: 100%;
  float: left;
  position: absolute;
  z-index: 1;
  -webkit-animation: kKMSIs 0s ease-in 1s forwards;
  animation: kKMSIs 0s ease-in 1s forwards;
}

.c0 {
  list-style: none;
  display: -webkit-box;
  display: -moz-box;
  display: -ms-flexbox;
  display: -webkit-flex;
  display: -webkit-box;
  display: -webkit-flex;
  display: -ms-flexbox;
  display: flex;
  -webkit-box-pack: space-around;
  -webkit-justify-content: space-around;
  -ms-flex-pack: space-around;
  justify-content: space-around;
  -webkit-flex: 1;
  -ms-flex: 1;
  flex: 1;
  -webkit-flex-wrap: wrap;
  -ms-flex-wrap: wrap;
  flex-wrap: wrap;
}

<div
  className="c0"
>
  <div
    className="c1"
  >
    <div
      className="c2"
      onClick={[Function]}
    >
      <div
        className="c3"
      >
        <span
          className="c4"
          src="diamond.png"
        />
        <div
          className="c5"
        >
          <div
            className="c6"
          >
            <div
              className="c7"
            />
          </div>
        </div>
      </div>
    </div>
  </div>
  <div
    className="c1"
  >
    <div
      className="c2"
      onClick={[Function]}
    >
      <div
        className="c3"
      >
        <span
          className="c4"
          src="diamond.png"
        />
        <div
          className="c5"
        >
          <div
            className="c6"
          >
            <div
              className="c7"
            />
          </div>
        </div>
      </div>
    </div>
  </div>
  <div
    className="c1"
  >
    <div
      className="c2"
      onClick={[Function]}
    >
      <div
        className="c3"
      >
        <span
          className="c4"
          src="diamond.png"
        />
        <div
          className="c5"
        >
          <div
            className="c6"
          >
            <div
              className="c7"
            />
          </div>
        </div>
      </div>
    </div>
  </div>
  <div
    className="c1"
  >
    <div
      className="c2"
      onClick={[Function]}
    >
      <div
        className="c3"
      >
        <span
          className="c4"
          src="diamond.png"
        />
        <div
          className="c5"
        >
          <div
            className="c6"
          >
            <div
              className="c7"
            />
          </div>
        </div>
      </div>
    </div>
  </div>
  <div
    className="c1"
  >
    <div
      className="c2"
      onClick={[Function]}
    >
      <div
        className="c3"
      >
        <span
          className="c4"
          src="diamond.png"
        />
        <div
          className="c5"
        >
          <div
            className="c6"
          >
            <div
              className="c7"
            />
          </div>
        </div>
      </div>
    </div>
  </div>
  <div
    className="c1"
  >
    <div
      className="c2"
      onClick={[Function]}
    >
      <div
        className="c3"
      >
        <span
          className="c4"
          src="diamond.png"
        />
        <div
          className="c5"
        >
          <div
            className="c6"
          >
            <div
              className="c7"
            />
          </div>
        </div>
      </div>
    </div>
  </div>
</div>
`;

exports[`Storyshots Card revealed with mine 1`] = `
.c6 {
  position: relative;
  display: -webkit-box;
  display: -webkit-flex;
  display: -ms-flexbox;
  display: flex;
  -webkit-flex: 1;
  -ms-flex: 1;
  flex: 1;
  -webkit-align-items: center;
  -webkit-box-align: center;
  -ms-flex-align: center;
  align-items: center;
  -webkit-box-pack: center;
  -webkit-justify-content: center;
  -ms-flex-pack: center;
  justify-content: center;
}

.c6:before {
  content: "";
  display: block;
  padding-top: 90%;
}

.c7 {
  position: absolute;
  left: 0;
  right: 0;
  top: 0;
  bottom: 0;
  background: url(blink.png);
  background-size: 2400% 118%;
  -webkit-animation: cMWegV 1s steps(22);
  animation: cMWegV 1s steps(22);
}

.c1 {
  display: -webkit-box;
  display: -webkit-flex;
  display: -ms-flexbox;
  display: flex;
  -webkit-flex: 1 0 20%;
  -ms-flex: 1 0 20%;
  flex: 1 0 20%;
}

.c2 {
  margin: 5px;
  display: -webkit-box;
  display: -webkit-flex;
  display: -ms-flexbox;
  display: flex;
  -webkit-flex: 1 0 20%;
  -ms-flex: 1 0 20%;
  flex: 1 0 20%;
  border-radius: 10px;
  background-color: #D2D6E6;
}

.c2::before {
  content: '';
  float: left;
  padding-top: 100%;
}

.c4 {
  width: 80%;
  height: 70%;
  opacity: 1;
  -webkit-animation: dJeCOu 2s;
  animation: dJeCOu 2s;
  background-image: url(mine.png);
  background-repeat: no-repeat;
  background-position: center;
  background-size: contain;
}

.c3 {
  position: relative;
  display: -webkit-box;
  display: -webkit-flex;
  display: -ms-flexbox;
  display: flex;
  -webkit-flex: 1;
  -ms-flex: 1;
  flex: 1;
  -webkit-box-pack: center;
  -webkit-justify-content: center;
  -ms-flex-pack: center;
  justify-content: center;
  -webkit-align-items: center;
  -webkit-box-align: center;
  -ms-flex-align: center;
  align-items: center;
  height: 100%;
  width: 100%;
}

.c5 {
  height: 100%;
  width: 100%;
  float: left;
  position: absolute;
  z-index: 1;
  -webkit-animation: kKMSIs 0s ease-in 1s forwards;
  animation: kKMSIs 0s ease-in 1s forwards;
}

.c0 {
  list-style: none;
  display: -webkit-box;
  display: -moz-box;
  display: -ms-flexbox;
  display: -webkit-flex;
  display: -webkit-box;
  display: -webkit-flex;
  display: -ms-flexbox;
  display: flex;
  -webkit-box-pack: space-around;
  -webkit-justify-content: space-around;
  -ms-flex-pack: space-around;
  justify-content: space-around;
  -webkit-flex: 1;
  -ms-flex: 1;
  flex: 1;
  -webkit-flex-wrap: wrap;
  -ms-flex-wrap: wrap;
  flex-wrap: wrap;
}

<div
  className="c0"
>
  <div
    className="c1"
  >
    <div
      className="c2"
      onClick={[Function]}
    >
      <div
        className="c3"
      >
        <span
          className="c4"
          src="mine.png"
        />
        <div
          className="c5"
        >
          <div
            className="c6"
          >
            <div
              className="c7"
            />
          </div>
        </div>
      </div>
    </div>
  </div>
  <div
    className="c1"
  >
    <div
      className="c2"
      onClick={[Function]}
    >
      <div
        className="c3"
      >
        <span
          className="c4"
          src="mine.png"
        />
        <div
          className="c5"
        >
          <div
            className="c6"
          >
            <div
              className="c7"
            />
          </div>
        </div>
      </div>
    </div>
  </div>
  <div
    className="c1"
  >
    <div
      className="c2"
      onClick={[Function]}
    >
      <div
        className="c3"
      >
        <span
          className="c4"
          src="mine.png"
        />
        <div
          className="c5"
        >
          <div
            className="c6"
          >
            <div
              className="c7"
            />
          </div>
        </div>
      </div>
    </div>
  </div>
</div>
`;

exports[`Storyshots CardContainer fetching false with custom props revealed with a diamond 1`] = `
.c1 {
  display: -webkit-box;
  display: -webkit-flex;
  display: -ms-flexbox;
  display: flex;
  -webkit-flex: 1 0 20%;
  -ms-flex: 1 0 20%;
  flex: 1 0 20%;
}

.c2 {
  margin: 5px;
  display: -webkit-box;
  display: -webkit-flex;
  display: -ms-flexbox;
  display: flex;
  -webkit-flex: 1 0 20%;
  -ms-flex: 1 0 20%;
  flex: 1 0 20%;
  border-radius: 10px;
  background-color: #FFFFFF;
}

.c2::before {
  content: '';
  float: left;
  padding-top: 100%;
}

.c3 {
  position: relative;
  display: -webkit-box;
  display: -webkit-flex;
  display: -ms-flexbox;
  display: flex;
  -webkit-flex: 1;
  -ms-flex: 1;
  flex: 1;
  -webkit-box-pack: center;
  -webkit-justify-content: center;
  -ms-flex-pack: center;
  justify-content: center;
  -webkit-align-items: center;
  -webkit-box-align: center;
  -ms-flex-align: center;
  align-items: center;
  height: 100%;
  width: 100%;
}

.c0 {
  display: -webkit-box;
  display: -webkit-flex;
  display: -ms-flexbox;
  display: flex;
  -webkit-flex: 1;
  -ms-flex: 1;
  flex: 1;
  width: 130px;
  height: 130px;
}

<div
  className="c0"
>
  <div
    className="c1"
  >
    <div
      className="c2"
      onClick={[Function]}
    >
      <div
        className="c3"
      />
    </div>
  </div>
</div>
`;

exports[`Storyshots CardContainer fetching false with custom props revealed with a mine 1`] = `
.c1 {
  display: -webkit-box;
  display: -webkit-flex;
  display: -ms-flexbox;
  display: flex;
  -webkit-flex: 1 0 20%;
  -ms-flex: 1 0 20%;
  flex: 1 0 20%;
}

.c2 {
  margin: 5px;
  display: -webkit-box;
  display: -webkit-flex;
  display: -ms-flexbox;
  display: flex;
  -webkit-flex: 1 0 20%;
  -ms-flex: 1 0 20%;
  flex: 1 0 20%;
  border-radius: 10px;
  background-color: #FFFFFF;
}

.c2::before {
  content: '';
  float: left;
  padding-top: 100%;
}

.c3 {
  position: relative;
  display: -webkit-box;
  display: -webkit-flex;
  display: -ms-flexbox;
  display: flex;
  -webkit-flex: 1;
  -ms-flex: 1;
  flex: 1;
  -webkit-box-pack: center;
  -webkit-justify-content: center;
  -ms-flex-pack: center;
  justify-content: center;
  -webkit-align-items: center;
  -webkit-box-align: center;
  -ms-flex-align: center;
  align-items: center;
  height: 100%;
  width: 100%;
}

.c0 {
  display: -webkit-box;
  display: -webkit-flex;
  display: -ms-flexbox;
  display: flex;
  -webkit-flex: 1;
  -ms-flex: 1;
  flex: 1;
  width: 130px;
  height: 130px;
}

<div
  className="c0"
>
  <div
    className="c1"
  >
    <div
      className="c2"
      onClick={[Function]}
    >
      <div
        className="c3"
      />
    </div>
  </div>
</div>
`;

exports[`Storyshots CardContainer fetching true (clickable) 1`] = `
.c1 {
  display: -webkit-box;
  display: -webkit-flex;
  display: -ms-flexbox;
  display: flex;
  -webkit-flex: 1 0 20%;
  -ms-flex: 1 0 20%;
  flex: 1 0 20%;
}

.c2 {
  margin: 5px;
  display: -webkit-box;
  display: -webkit-flex;
  display: -ms-flexbox;
  display: flex;
  -webkit-flex: 1 0 20%;
  -ms-flex: 1 0 20%;
  flex: 1 0 20%;
  border-radius: 10px;
  background-color: #FFFFFF;
}

.c2::before {
  content: '';
  float: left;
  padding-top: 100%;
}

.c3 {
  position: relative;
  display: -webkit-box;
  display: -webkit-flex;
  display: -ms-flexbox;
  display: flex;
  -webkit-flex: 1;
  -ms-flex: 1;
  flex: 1;
  -webkit-box-pack: center;
  -webkit-justify-content: center;
  -ms-flex-pack: center;
  justify-content: center;
  -webkit-align-items: center;
  -webkit-box-align: center;
  -ms-flex-align: center;
  align-items: center;
  height: 100%;
  width: 100%;
}

.c0 {
  display: -webkit-box;
  display: -webkit-flex;
  display: -ms-flexbox;
  display: flex;
  -webkit-flex: 1;
  -ms-flex: 1;
  flex: 1;
  width: 130px;
  height: 130px;
}

<div
  className="c0"
>
  <div
    className="c1"
  >
    <div
      className="c2"
      onClick={[Function]}
    >
      <div
        className="c3"
      />
    </div>
  </div>
</div>
`;

exports[`Storyshots FetchingCard fetching 1`] = `
.c3 {
  position: relative;
  display: -webkit-box;
  display: -webkit-flex;
  display: -ms-flexbox;
  display: flex;
  -webkit-flex: 1;
  -ms-flex: 1;
  flex: 1;
  -webkit-align-items: center;
  -webkit-box-align: center;
  -ms-flex-align: center;
  align-items: center;
  -webkit-box-pack: center;
  -webkit-justify-content: center;
  -ms-flex-pack: center;
  justify-content: center;
}

.c3:before {
  content: "";
  display: block;
  padding-top: 90%;
}

.c4 {
  position: absolute;
  left: 0;
  right: 0;
  top: 0;
  bottom: 0;
  border-radius: 10px;
  background-color: #fff;
  -webkit-animation: jUAdSf 2s infinite;
  animation: jUAdSf 2s infinite;
}

.c0 {
  display: -webkit-box;
  display: -webkit-flex;
  display: -ms-flexbox;
  display: flex;
  -webkit-flex: 1 0 20%;
  -ms-flex: 1 0 20%;
  flex: 1 0 20%;
}

.c1 {
  margin: 5px;
  display: -webkit-box;
  display: -webkit-flex;
  display: -ms-flexbox;
  display: flex;
  -webkit-align-items: center;
  -webkit-box-align: center;
  -ms-flex-align: center;
  align-items: center;
  -webkit-box-pack: center;
  -webkit-justify-content: center;
  -ms-flex-pack: center;
  justify-content: center;
  border-radius: 10px;
  -webkit-flex: 1 0 20%;
  -ms-flex: 1 0 20%;
  flex: 1 0 20%;
  background-color: #D2D6E6;
}

.c1::before {
  content: '';
  float: left;
  padding-top: 100%;
}

.c2 {
  position: relative;
  display: -webkit-box;
  display: -webkit-flex;
  display: -ms-flexbox;
  display: flex;
  -webkit-flex: 1;
  -ms-flex: 1;
  flex: 1;
  height: 98%;
  width: 90%;
}

<div
  className="c0"
>
  <div
    className="c1"
  >
    <div
      className="c2"
    >
      <div
        className="c3"
      >
        <div
          className="c4"
        />
      </div>
    </div>
  </div>
</div>
`;

exports[`Storyshots Game all items not revealed (clickable) 1`] = `
.c1 {
  display: -webkit-box;
  display: -webkit-flex;
  display: -ms-flexbox;
  display: flex;
  -webkit-flex: 1 0 20%;
  -ms-flex: 1 0 20%;
  flex: 1 0 20%;
}

.c2 {
  margin: 5px;
  display: -webkit-box;
  display: -webkit-flex;
  display: -ms-flexbox;
  display: flex;
  -webkit-flex: 1 0 20%;
  -ms-flex: 1 0 20%;
  flex: 1 0 20%;
  border-radius: 10px;
  background-color: #FFFFFF;
}

.c2::before {
  content: '';
  float: left;
  padding-top: 100%;
}

.c3 {
  position: relative;
  display: -webkit-box;
  display: -webkit-flex;
  display: -ms-flexbox;
  display: flex;
  -webkit-flex: 1;
  -ms-flex: 1;
  flex: 1;
  -webkit-box-pack: center;
  -webkit-justify-content: center;
  -ms-flex-pack: center;
  justify-content: center;
  -webkit-align-items: center;
  -webkit-box-align: center;
  -ms-flex-align: center;
  align-items: center;
  height: 100%;
  width: 100%;
}

.c0 {
  list-style: none;
  display: -webkit-box;
  display: -moz-box;
  display: -ms-flexbox;
  display: -webkit-flex;
  display: -webkit-box;
  display: -webkit-flex;
  display: -ms-flexbox;
  display: flex;
  -webkit-box-pack: space-around;
  -webkit-justify-content: space-around;
  -ms-flex-pack: space-around;
  justify-content: space-around;
  -webkit-align-items: flex-start;
  -webkit-box-align: flex-start;
  -ms-flex-align: flex-start;
  align-items: flex-start;
  -webkit-align-content: center;
  -ms-flex-line-pack: center;
  align-content: center;
  -webkit-flex: 1;
  -ms-flex: 1;
  flex: 1;
  -webkit-flex-wrap: wrap;
  -ms-flex-wrap: wrap;
  flex-wrap: wrap;
}

<div
  className="c0"
>
  <div
    className="c1"
  >
    <div
      className="c2"
      onClick={[Function]}
    >
      <div
        className="c3"
      />
    </div>
  </div>
  <div
    className="c1"
  >
    <div
      className="c2"
      onClick={[Function]}
    >
      <div
        className="c3"
      />
    </div>
  </div>
  <div
    className="c1"
  >
    <div
      className="c2"
      onClick={[Function]}
    >
      <div
        className="c3"
      />
    </div>
  </div>
  <div
    className="c1"
  >
    <div
      className="c2"
      onClick={[Function]}
    >
      <div
        className="c3"
      />
    </div>
  </div>
  <div
    className="c1"
  >
    <div
      className="c2"
      onClick={[Function]}
    >
      <div
        className="c3"
      />
    </div>
  </div>
  <div
    className="c1"
  >
    <div
      className="c2"
      onClick={[Function]}
    >
      <div
        className="c3"
      />
    </div>
  </div>
  <div
    className="c1"
  >
    <div
      className="c2"
      onClick={[Function]}
    >
      <div
        className="c3"
      />
    </div>
  </div>
  <div
    className="c1"
  >
    <div
      className="c2"
      onClick={[Function]}
    >
      <div
        className="c3"
      />
    </div>
  </div>
  <div
    className="c1"
  >
    <div
      className="c2"
      onClick={[Function]}
    >
      <div
        className="c3"
      />
    </div>
  </div>
  <div
    className="c1"
  >
    <div
      className="c2"
      onClick={[Function]}
    >
      <div
        className="c3"
      />
    </div>
  </div>
  <div
    className="c1"
  >
    <div
      className="c2"
      onClick={[Function]}
    >
      <div
        className="c3"
      />
    </div>
  </div>
  <div
    className="c1"
  >
    <div
      className="c2"
      onClick={[Function]}
    >
      <div
        className="c3"
      />
    </div>
  </div>
  <div
    className="c1"
  >
    <div
      className="c2"
      onClick={[Function]}
    >
      <div
        className="c3"
      />
    </div>
  </div>
  <div
    className="c1"
  >
    <div
      className="c2"
      onClick={[Function]}
    >
      <div
        className="c3"
      />
    </div>
  </div>
  <div
    className="c1"
  >
    <div
      className="c2"
      onClick={[Function]}
    >
      <div
        className="c3"
      />
    </div>
  </div>
  <div
    className="c1"
  >
    <div
      className="c2"
      onClick={[Function]}
    >
      <div
        className="c3"
      />
    </div>
  </div>
  <div
    className="c1"
  >
    <div
      className="c2"
      onClick={[Function]}
    >
      <div
        className="c3"
      />
    </div>
  </div>
  <div
    className="c1"
  >
    <div
      className="c2"
      onClick={[Function]}
    >
      <div
        className="c3"
      />
    </div>
  </div>
  <div
    className="c1"
  >
    <div
      className="c2"
      onClick={[Function]}
    >
      <div
        className="c3"
      />
    </div>
  </div>
  <div
    className="c1"
  >
    <div
      className="c2"
      onClick={[Function]}
    >
      <div
        className="c3"
      />
    </div>
  </div>
  <div
    className="c1"
  >
    <div
      className="c2"
      onClick={[Function]}
    >
      <div
        className="c3"
      />
    </div>
  </div>
  <div
    className="c1"
  >
    <div
      className="c2"
      onClick={[Function]}
    >
      <div
        className="c3"
      />
    </div>
  </div>
  <div
    className="c1"
  >
    <div
      className="c2"
      onClick={[Function]}
    >
      <div
        className="c3"
      />
    </div>
  </div>
  <div
    className="c1"
  >
    <div
      className="c2"
      onClick={[Function]}
    >
      <div
        className="c3"
      />
    </div>
  </div>
  <div
    className="c1"
  >
    <div
      className="c2"
      onClick={[Function]}
    >
      <div
        className="c3"
      />
    </div>
  </div>
</div>
`;

exports[`Storyshots Game is lost with two mines 1`] = `
.c7 {
  position: relative;
  display: -webkit-box;
  display: -webkit-flex;
  display: -ms-flexbox;
  display: flex;
  -webkit-flex: 1;
  -ms-flex: 1;
  flex: 1;
  -webkit-align-items: center;
  -webkit-box-align: center;
  -ms-flex-align: center;
  align-items: center;
  -webkit-box-pack: center;
  -webkit-justify-content: center;
  -ms-flex-pack: center;
  justify-content: center;
}

.c7:before {
  content: "";
  display: block;
  padding-top: 90%;
}

.c8 {
  position: absolute;
  left: 0;
  right: 0;
  top: 0;
  bottom: 0;
  background: url(blink.png);
  background-size: 2400% 118%;
  -webkit-animation: cMWegV 1s steps(22);
  animation: cMWegV 1s steps(22);
}

.c2 {
  display: -webkit-box;
  display: -webkit-flex;
  display: -ms-flexbox;
  display: flex;
  -webkit-flex: 1 0 20%;
  -ms-flex: 1 0 20%;
  flex: 1 0 20%;
}

.c3 {
  margin: 5px;
  display: -webkit-box;
  display: -webkit-flex;
  display: -ms-flexbox;
  display: flex;
  -webkit-flex: 1 0 20%;
  -ms-flex: 1 0 20%;
  flex: 1 0 20%;
  border-radius: 10px;
  background-color: #D2D6E6;
}

.c3::before {
  content: '';
  float: left;
  padding-top: 100%;
}

.c5 {
  width: 80%;
  height: 70%;
  opacity: 1;
  -webkit-animation: dJeCOu 2s;
  animation: dJeCOu 2s;
  background-image: url(mine.png);
  background-repeat: no-repeat;
  background-position: center;
  background-size: contain;
}

.c10 {
  width: 60%;
  height: 50%;
  opacity: 0.6;
  -webkit-animation: dJeCOu 2s;
  animation: dJeCOu 2s;
  background-image: url(diamond.png);
  background-repeat: no-repeat;
  background-position: center;
  background-size: contain;
}

.c9 {
  width: 60%;
  height: 50%;
  opacity: 0.6;
  -webkit-animation: dJeCOu 2s;
  animation: dJeCOu 2s;
  background-image: url(mine.png);
  background-repeat: no-repeat;
  background-position: center;
  background-size: contain;
}

.c4 {
  position: relative;
  display: -webkit-box;
  display: -webkit-flex;
  display: -ms-flexbox;
  display: flex;
  -webkit-flex: 1;
  -ms-flex: 1;
  flex: 1;
  -webkit-box-pack: center;
  -webkit-justify-content: center;
  -ms-flex-pack: center;
  justify-content: center;
  -webkit-align-items: center;
  -webkit-box-align: center;
  -ms-flex-align: center;
  align-items: center;
  height: 100%;
  width: 100%;
}

.c6 {
  height: 100%;
  width: 100%;
  float: left;
  position: absolute;
  z-index: 1;
  -webkit-animation: kKMSIs 0s ease-in 1s forwards;
  animation: kKMSIs 0s ease-in 1s forwards;
}

.c1 {
  list-style: none;
  display: -webkit-box;
  display: -moz-box;
  display: -ms-flexbox;
  display: -webkit-flex;
  display: -webkit-box;
  display: -webkit-flex;
  display: -ms-flexbox;
  display: flex;
  -webkit-box-pack: space-around;
  -webkit-justify-content: space-around;
  -ms-flex-pack: space-around;
  justify-content: space-around;
  -webkit-align-items: flex-start;
  -webkit-box-align: flex-start;
  -ms-flex-align: flex-start;
  align-items: flex-start;
  -webkit-align-content: center;
  -ms-flex-line-pack: center;
  align-content: center;
  -webkit-flex: 1;
  -ms-flex: 1;
  flex: 1;
  -webkit-flex-wrap: wrap;
  -ms-flex-wrap: wrap;
  flex-wrap: wrap;
}

.c0 {
  display: -webkit-box;
  display: -webkit-flex;
  display: -ms-flexbox;
  display: flex;
  -webkit-flex: 1;
  -ms-flex: 1;
  flex: 1;
}

<div
  className="c0"
>
  <div
    className="c1"
  >
    <div
      className="c2"
    >
      <div
        className="c3"
        onClick={[Function]}
      >
        <div
          className="c4"
        >
          <span
            className="c5"
            src="mine.png"
          />
          <div
            className="c6"
          >
            <div
              className="c7"
            >
              <div
                className="c8"
              />
            </div>
          </div>
        </div>
      </div>
    </div>
    <div
      className="c2"
    >
      <div
        className="c3"
        onClick={[Function]}
      >
        <div
          className="c4"
        >
          <span
            className="c9"
            src="mine.png"
          />
        </div>
      </div>
    </div>
    <div
      className="c2"
    >
      <div
        className="c3"
        onClick={[Function]}
      >
        <div
          className="c4"
        >
          <span
            className="c10"
            src="diamond.png"
          />
        </div>
      </div>
    </div>
    <div
      className="c2"
    >
      <div
        className="c3"
        onClick={[Function]}
      >
        <div
          className="c4"
        >
          <span
            className="c10"
            src="diamond.png"
          />
        </div>
      </div>
    </div>
    <div
      className="c2"
    >
      <div
        className="c3"
        onClick={[Function]}
      >
        <div
          className="c4"
        >
          <span
            className="c10"
            src="diamond.png"
          />
        </div>
      </div>
    </div>
    <div
      className="c2"
    >
      <div
        className="c3"
        onClick={[Function]}
      >
        <div
          className="c4"
        >
          <span
            className="c10"
            src="diamond.png"
          />
        </div>
      </div>
    </div>
    <div
      className="c2"
    >
      <div
        className="c3"
        onClick={[Function]}
      >
        <div
          className="c4"
        >
          <span
            className="c10"
            src="diamond.png"
          />
        </div>
      </div>
    </div>
    <div
      className="c2"
    >
      <div
        className="c3"
        onClick={[Function]}
      >
        <div
          className="c4"
        >
          <span
            className="c10"
            src="diamond.png"
          />
        </div>
      </div>
    </div>
    <div
      className="c2"
    >
      <div
        className="c3"
        onClick={[Function]}
      >
        <div
          className="c4"
        >
          <span
            className="c10"
            src="diamond.png"
          />
        </div>
      </div>
    </div>
    <div
      className="c2"
    >
      <div
        className="c3"
        onClick={[Function]}
      >
        <div
          className="c4"
        >
          <span
            className="c10"
            src="diamond.png"
          />
        </div>
      </div>
    </div>
    <div
      className="c2"
    >
      <div
        className="c3"
        onClick={[Function]}
      >
        <div
          className="c4"
        >
          <span
            className="c10"
            src="diamond.png"
          />
        </div>
      </div>
    </div>
    <div
      className="c2"
    >
      <div
        className="c3"
        onClick={[Function]}
      >
        <div
          className="c4"
        >
          <span
            className="c10"
            src="diamond.png"
          />
        </div>
      </div>
    </div>
    <div
      className="c2"
    >
      <div
        className="c3"
        onClick={[Function]}
      >
        <div
          className="c4"
        >
          <span
            className="c10"
            src="diamond.png"
          />
        </div>
      </div>
    </div>
    <div
      className="c2"
    >
      <div
        className="c3"
        onClick={[Function]}
      >
        <div
          className="c4"
        >
          <span
            className="c10"
            src="diamond.png"
          />
        </div>
      </div>
    </div>
    <div
      className="c2"
    >
      <div
        className="c3"
        onClick={[Function]}
      >
        <div
          className="c4"
        >
          <span
            className="c10"
            src="diamond.png"
          />
        </div>
      </div>
    </div>
    <div
      className="c2"
    >
      <div
        className="c3"
        onClick={[Function]}
      >
        <div
          className="c4"
        >
          <span
            className="c10"
            src="diamond.png"
          />
        </div>
      </div>
    </div>
    <div
      className="c2"
    >
      <div
        className="c3"
        onClick={[Function]}
      >
        <div
          className="c4"
        >
          <span
            className="c10"
            src="diamond.png"
          />
        </div>
      </div>
    </div>
    <div
      className="c2"
    >
      <div
        className="c3"
        onClick={[Function]}
      >
        <div
          className="c4"
        >
          <span
            className="c10"
            src="diamond.png"
          />
        </div>
      </div>
    </div>
    <div
      className="c2"
    >
      <div
        className="c3"
        onClick={[Function]}
      >
        <div
          className="c4"
        >
          <span
            className="c10"
            src="diamond.png"
          />
        </div>
      </div>
    </div>
    <div
      className="c2"
    >
      <div
        className="c3"
        onClick={[Function]}
      >
        <div
          className="c4"
        >
          <span
            className="c10"
            src="diamond.png"
          />
        </div>
      </div>
    </div>
    <div
      className="c2"
    >
      <div
        className="c3"
        onClick={[Function]}
      >
        <div
          className="c4"
        >
          <span
            className="c10"
            src="diamond.png"
          />
        </div>
      </div>
    </div>
    <div
      className="c2"
    >
      <div
        className="c3"
        onClick={[Function]}
      >
        <div
          className="c4"
        >
          <span
            className="c10"
            src="diamond.png"
          />
        </div>
      </div>
    </div>
    <div
      className="c2"
    >
      <div
        className="c3"
        onClick={[Function]}
      >
        <div
          className="c4"
        >
          <span
            className="c10"
            src="diamond.png"
          />
        </div>
      </div>
    </div>
    <div
      className="c2"
    >
      <div
        className="c3"
        onClick={[Function]}
      >
        <div
          className="c4"
        >
          <span
            className="c10"
            src="diamond.png"
          />
        </div>
      </div>
    </div>
    <div
      className="c2"
    >
      <div
        className="c3"
        onClick={[Function]}
      >
        <div
          className="c4"
        >
          <span
            className="c10"
            src="diamond.png"
          />
        </div>
      </div>
    </div>
  </div>
</div>
`;

exports[`Storyshots Game is win with two mines 1`] = `
.c7 {
  position: relative;
  display: -webkit-box;
  display: -webkit-flex;
  display: -ms-flexbox;
  display: flex;
  -webkit-flex: 1;
  -ms-flex: 1;
  flex: 1;
  -webkit-align-items: center;
  -webkit-box-align: center;
  -ms-flex-align: center;
  align-items: center;
  -webkit-box-pack: center;
  -webkit-justify-content: center;
  -ms-flex-pack: center;
  justify-content: center;
}

.c7:before {
  content: "";
  display: block;
  padding-top: 90%;
}

.c8 {
  position: absolute;
  left: 0;
  right: 0;
  top: 0;
  bottom: 0;
  background: url(blink.png);
  background-size: 2400% 118%;
  -webkit-animation: cMWegV 1s steps(22);
  animation: cMWegV 1s steps(22);
}

.c2 {
  display: -webkit-box;
  display: -webkit-flex;
  display: -ms-flexbox;
  display: flex;
  -webkit-flex: 1 0 20%;
  -ms-flex: 1 0 20%;
  flex: 1 0 20%;
}

.c3 {
  margin: 5px;
  display: -webkit-box;
  display: -webkit-flex;
  display: -ms-flexbox;
  display: flex;
  -webkit-flex: 1 0 20%;
  -ms-flex: 1 0 20%;
  flex: 1 0 20%;
  border-radius: 10px;
  background-color: #D2D6E6;
}

.c3::before {
  content: '';
  float: left;
  padding-top: 100%;
}

.c5 {
  width: 80%;
  height: 70%;
  opacity: 1;
  -webkit-animation: dJeCOu 2s;
  animation: dJeCOu 2s;
  background-image: url(diamond.png);
  background-repeat: no-repeat;
  background-position: center;
  background-size: contain;
}

.c10 {
  width: 60%;
  height: 50%;
  opacity: 0.6;
  -webkit-animation: dJeCOu 2s;
  animation: dJeCOu 2s;
  background-image: url(diamond.png);
  background-repeat: no-repeat;
  background-position: center;
  background-size: contain;
}

.c9 {
  width: 60%;
  height: 50%;
  opacity: 0.6;
  -webkit-animation: dJeCOu 2s;
  animation: dJeCOu 2s;
  background-image: url(mine.png);
  background-repeat: no-repeat;
  background-position: center;
  background-size: contain;
}

.c4 {
  position: relative;
  display: -webkit-box;
  display: -webkit-flex;
  display: -ms-flexbox;
  display: flex;
  -webkit-flex: 1;
  -ms-flex: 1;
  flex: 1;
  -webkit-box-pack: center;
  -webkit-justify-content: center;
  -ms-flex-pack: center;
  justify-content: center;
  -webkit-align-items: center;
  -webkit-box-align: center;
  -ms-flex-align: center;
  align-items: center;
  height: 100%;
  width: 100%;
}

.c6 {
  height: 100%;
  width: 100%;
  float: left;
  position: absolute;
  z-index: 1;
  -webkit-animation: kKMSIs 0s ease-in 1s forwards;
  animation: kKMSIs 0s ease-in 1s forwards;
}

.c1 {
  list-style: none;
  display: -webkit-box;
  display: -moz-box;
  display: -ms-flexbox;
  display: -webkit-flex;
  display: -webkit-box;
  display: -webkit-flex;
  display: -ms-flexbox;
  display: flex;
  -webkit-box-pack: space-around;
  -webkit-justify-content: space-around;
  -ms-flex-pack: space-around;
  justify-content: space-around;
  -webkit-align-items: flex-start;
  -webkit-box-align: flex-start;
  -ms-flex-align: flex-start;
  align-items: flex-start;
  -webkit-align-content: center;
  -ms-flex-line-pack: center;
  align-content: center;
  -webkit-flex: 1;
  -ms-flex: 1;
  flex: 1;
  -webkit-flex-wrap: wrap;
  -ms-flex-wrap: wrap;
  flex-wrap: wrap;
}

.c0 {
  display: -webkit-box;
  display: -webkit-flex;
  display: -ms-flexbox;
  display: flex;
  -webkit-flex: 1;
  -ms-flex: 1;
  flex: 1;
}

<div
  className="c0"
>
  <div
    className="c1"
  >
    <div
      className="c2"
    >
      <div
        className="c3"
        onClick={[Function]}
      >
        <div
          className="c4"
        >
          <span
            className="c5"
            src="diamond.png"
          />
          <div
            className="c6"
          >
            <div
              className="c7"
            >
              <div
                className="c8"
              />
            </div>
          </div>
        </div>
      </div>
    </div>
    <div
      className="c2"
    >
      <div
        className="c3"
        onClick={[Function]}
      >
        <div
          className="c4"
        >
          <span
            className="c9"
            src="mine.png"
          />
        </div>
      </div>
    </div>
    <div
      className="c2"
    >
      <div
        className="c3"
        onClick={[Function]}
      >
        <div
          className="c4"
        >
          <span
            className="c9"
            src="mine.png"
          />
        </div>
      </div>
    </div>
    <div
      className="c2"
    >
      <div
        className="c3"
        onClick={[Function]}
      >
        <div
          className="c4"
        >
          <span
            className="c10"
            src="diamond.png"
          />
        </div>
      </div>
    </div>
    <div
      className="c2"
    >
      <div
        className="c3"
        onClick={[Function]}
      >
        <div
          className="c4"
        >
          <span
            className="c10"
            src="diamond.png"
          />
        </div>
      </div>
    </div>
    <div
      className="c2"
    >
      <div
        className="c3"
        onClick={[Function]}
      >
        <div
          className="c4"
        >
          <span
            className="c10"
            src="diamond.png"
          />
        </div>
      </div>
    </div>
    <div
      className="c2"
    >
      <div
        className="c3"
        onClick={[Function]}
      >
        <div
          className="c4"
        >
          <span
            className="c10"
            src="diamond.png"
          />
        </div>
      </div>
    </div>
    <div
      className="c2"
    >
      <div
        className="c3"
        onClick={[Function]}
      >
        <div
          className="c4"
        >
          <span
            className="c10"
            src="diamond.png"
          />
        </div>
      </div>
    </div>
    <div
      className="c2"
    >
      <div
        className="c3"
        onClick={[Function]}
      >
        <div
          className="c4"
        >
          <span
            className="c10"
            src="diamond.png"
          />
        </div>
      </div>
    </div>
    <div
      className="c2"
    >
      <div
        className="c3"
        onClick={[Function]}
      >
        <div
          className="c4"
        >
          <span
            className="c10"
            src="diamond.png"
          />
        </div>
      </div>
    </div>
    <div
      className="c2"
    >
      <div
        className="c3"
        onClick={[Function]}
      >
        <div
          className="c4"
        >
          <span
            className="c10"
            src="diamond.png"
          />
        </div>
      </div>
    </div>
    <div
      className="c2"
    >
      <div
        className="c3"
        onClick={[Function]}
      >
        <div
          className="c4"
        >
          <span
            className="c10"
            src="diamond.png"
          />
        </div>
      </div>
    </div>
    <div
      className="c2"
    >
      <div
        className="c3"
        onClick={[Function]}
      >
        <div
          className="c4"
        >
          <span
            className="c10"
            src="diamond.png"
          />
        </div>
      </div>
    </div>
    <div
      className="c2"
    >
      <div
        className="c3"
        onClick={[Function]}
      >
        <div
          className="c4"
        >
          <span
            className="c10"
            src="diamond.png"
          />
        </div>
      </div>
    </div>
    <div
      className="c2"
    >
      <div
        className="c3"
        onClick={[Function]}
      >
        <div
          className="c4"
        >
          <span
            className="c10"
            src="diamond.png"
          />
        </div>
      </div>
    </div>
    <div
      className="c2"
    >
      <div
        className="c3"
        onClick={[Function]}
      >
        <div
          className="c4"
        >
          <span
            className="c10"
            src="diamond.png"
          />
        </div>
      </div>
    </div>
    <div
      className="c2"
    >
      <div
        className="c3"
        onClick={[Function]}
      >
        <div
          className="c4"
        >
          <span
            className="c10"
            src="diamond.png"
          />
        </div>
      </div>
    </div>
    <div
      className="c2"
    >
      <div
        className="c3"
        onClick={[Function]}
      >
        <div
          className="c4"
        >
          <span
            className="c10"
            src="diamond.png"
          />
        </div>
      </div>
    </div>
    <div
      className="c2"
    >
      <div
        className="c3"
        onClick={[Function]}
      >
        <div
          className="c4"
        >
          <span
            className="c10"
            src="diamond.png"
          />
        </div>
      </div>
    </div>
    <div
      className="c2"
    >
      <div
        className="c3"
        onClick={[Function]}
      >
        <div
          className="c4"
        >
          <span
            className="c10"
            src="diamond.png"
          />
        </div>
      </div>
    </div>
    <div
      className="c2"
    >
      <div
        className="c3"
        onClick={[Function]}
      >
        <div
          className="c4"
        >
          <span
            className="c10"
            src="diamond.png"
          />
        </div>
      </div>
    </div>
    <div
      className="c2"
    >
      <div
        className="c3"
        onClick={[Function]}
      >
        <div
          className="c4"
        >
          <span
            className="c10"
            src="diamond.png"
          />
        </div>
      </div>
    </div>
    <div
      className="c2"
    >
      <div
        className="c3"
        onClick={[Function]}
      >
        <div
          className="c4"
        >
          <span
            className="c10"
            src="diamond.png"
          />
        </div>
      </div>
    </div>
    <div
      className="c2"
    >
      <div
        className="c3"
        onClick={[Function]}
      >
        <div
          className="c4"
        >
          <span
            className="c10"
            src="diamond.png"
          />
        </div>
      </div>
    </div>
    <div
      className="c2"
    >
      <div
        className="c3"
        onClick={[Function]}
      >
        <div
          className="c4"
        >
          <span
            className="c10"
            src="diamond.png"
          />
        </div>
      </div>
    </div>
  </div>
</div>
`;

exports[`Storyshots PulseAnimation default 1`] = `
.c0 {
  position: relative;
  display: -webkit-box;
  display: -webkit-flex;
  display: -ms-flexbox;
  display: flex;
  -webkit-flex: 1;
  -ms-flex: 1;
  flex: 1;
  -webkit-align-items: center;
  -webkit-box-align: center;
  -ms-flex-align: center;
  align-items: center;
  -webkit-box-pack: center;
  -webkit-justify-content: center;
  -ms-flex-pack: center;
  justify-content: center;
}

.c0:before {
  content: "";
  display: block;
  padding-top: 90%;
}

.c1 {
  position: absolute;
  left: 0;
  right: 0;
  top: 0;
  bottom: 0;
  border-radius: 10px;
  background-color: #fff;
  -webkit-animation: jUAdSf 2s infinite;
  animation: jUAdSf 2s infinite;
}

<div
  className="c0"
>
  <div
    className="c1"
  />
</div>
`;
