// Jest Snapshot v1, https://goo.gl/fbAQLP

exports[`Storyshots App default app 1`] = `
.c0 {
  display: -webkit-box;
  display: -webkit-flex;
  display: -ms-flexbox;
  display: flex;
  -webkit-flex: 1;
  -ms-flex: 1;
  flex: 1;
  -webkit-box-pack: center;
  -webkit-justify-content: center;
  -ms-flex-pack: center;
  justify-content: center;
  -webkit-align-items: center;
  -webkit-box-align: center;
  -ms-flex-align: center;
  align-items: center;
}

<div
  className="c0"
>
  <h1
    className=""
  >
    Welcome to Minefield
  </h1>
</div>
`;

exports[`Storyshots Card fetching 1`] = `
.c3 {
  display: -webkit-box;
  display: -webkit-flex;
  display: -ms-flexbox;
  display: flex;
  -webkit-flex: 1;
  -ms-flex: 1;
  flex: 1;
  -webkit-flex-direction: column;
  -ms-flex-direction: column;
  flex-direction: column;
  border-radius: 10px;
  -webkit-box-pack: center;
  -webkit-justify-content: center;
  -ms-flex-pack: center;
  justify-content: center;
  -webkit-align-items: center;
  -webkit-box-align: center;
  -ms-flex-align: center;
  align-items: center;
}

.c1 {
  display: -webkit-box;
  display: -webkit-flex;
  display: -ms-flexbox;
  display: flex;
  width: 100px;
  height: 100px;
  padding: 10px;
  background-color: #E2E4F0;
}

.c2 {
  box-shadow: 0 0 1px 1px    #D2D6E6;
  background-color: #D2D6E6;
}

.c4 {
  background-color: #FFFFFF;
  -webkit-animation: deBNxY 2s infinite;
  animation: deBNxY 2s infinite;
  -webkit-align-self: stretch;
  -ms-flex-item-align: stretch;
  align-self: stretch;
  box-shadow: 0 0 2px 1px #FFFFFF;
  box-shadow: 0 0 2px 1px #FFFFFF;
}

.c0 {
  display: -webkit-box;
  display: -webkit-flex;
  display: -ms-flexbox;
  display: flex;
  -webkit-flex: 1;
  -ms-flex: 1;
  flex: 1;
  width: 130px;
  height: 130px;
}

<div
  className="c0"
>
  <div
    className="c1"
  >
    <div
      className="c2 c3"
    >
      <div
        className="c4 c2 c3"
      />
    </div>
  </div>
</div>
`;

exports[`Storyshots Card is loss and half revealed with diamond 1`] = `
.c3 {
  display: -webkit-box;
  display: -webkit-flex;
  display: -ms-flexbox;
  display: flex;
  -webkit-flex: 1;
  -ms-flex: 1;
  flex: 1;
  -webkit-flex-direction: column;
  -ms-flex-direction: column;
  flex-direction: column;
  border-radius: 10px;
  -webkit-box-pack: center;
  -webkit-justify-content: center;
  -ms-flex-pack: center;
  justify-content: center;
  -webkit-align-items: center;
  -webkit-box-align: center;
  -ms-flex-align: center;
  align-items: center;
}

.c1 {
  display: -webkit-box;
  display: -webkit-flex;
  display: -ms-flexbox;
  display: flex;
  width: 100px;
  height: 100px;
  padding: 10px;
  background-color: #E2E4F0;
}

.c2 {
  padding: 18px;
  background-color: #D2D6E6;
}

.c5 {
  max-width: 80%;
  max-height: 70%;
  opacity: 0.6;
  -webkit-animation: dJeCOu 2s;
  animation: dJeCOu 2s;
}

.c4 {
  display: -webkit-box;
  display: -webkit-flex;
  display: -ms-flexbox;
  display: flex;
  -webkit-flex: 1;
  -ms-flex: 1;
  flex: 1;
  -webkit-align-items: center;
  -webkit-box-align: center;
  -ms-flex-align: center;
  align-items: center;
  -webkit-box-pack: center;
  -webkit-justify-content: center;
  -ms-flex-pack: center;
  justify-content: center;
}

.c0 {
  display: -webkit-box;
  display: -webkit-flex;
  display: -ms-flexbox;
  display: flex;
  -webkit-flex: 1;
  -ms-flex: 1;
  flex: 1;
  width: 130px;
  height: 130px;
}

<div
  className="c0"
>
  <div
    className="c1"
  >
    <div
      className="c2 c3"
    >
      <div
        className="c4"
      >
        <img
          className="c5"
          src="diamond.png"
        />
      </div>
    </div>
  </div>
</div>
`;

exports[`Storyshots Card is loss and half revealed with mine 1`] = `
.c3 {
  display: -webkit-box;
  display: -webkit-flex;
  display: -ms-flexbox;
  display: flex;
  -webkit-flex: 1;
  -ms-flex: 1;
  flex: 1;
  -webkit-flex-direction: column;
  -ms-flex-direction: column;
  flex-direction: column;
  border-radius: 10px;
  -webkit-box-pack: center;
  -webkit-justify-content: center;
  -ms-flex-pack: center;
  justify-content: center;
  -webkit-align-items: center;
  -webkit-box-align: center;
  -ms-flex-align: center;
  align-items: center;
}

.c1 {
  display: -webkit-box;
  display: -webkit-flex;
  display: -ms-flexbox;
  display: flex;
  width: 100px;
  height: 100px;
  padding: 10px;
  background-color: #E2E4F0;
}

.c2 {
  padding: 18px;
  background-color: #D2D6E6;
}

.c5 {
  max-width: 80%;
  max-height: 70%;
  opacity: 0.6;
  -webkit-animation: dJeCOu 2s;
  animation: dJeCOu 2s;
}

.c4 {
  display: -webkit-box;
  display: -webkit-flex;
  display: -ms-flexbox;
  display: flex;
  -webkit-flex: 1;
  -ms-flex: 1;
  flex: 1;
  -webkit-align-items: center;
  -webkit-box-align: center;
  -ms-flex-align: center;
  align-items: center;
  -webkit-box-pack: center;
  -webkit-justify-content: center;
  -ms-flex-pack: center;
  justify-content: center;
}

.c0 {
  display: -webkit-box;
  display: -webkit-flex;
  display: -ms-flexbox;
  display: flex;
  -webkit-flex: 1;
  -ms-flex: 1;
  flex: 1;
  width: 130px;
  height: 130px;
}

<div
  className="c0"
>
  <div
    className="c1"
  >
    <div
      className="c2 c3"
    >
      <div
        className="c4"
      >
        <img
          className="c5"
          src="mine.png"
        />
      </div>
    </div>
  </div>
</div>
`;

exports[`Storyshots Card not revealed 1`] = `
.c3 {
  display: -webkit-box;
  display: -webkit-flex;
  display: -ms-flexbox;
  display: flex;
  -webkit-flex: 1;
  -ms-flex: 1;
  flex: 1;
  -webkit-flex-direction: column;
  -ms-flex-direction: column;
  flex-direction: column;
  border-radius: 10px;
  -webkit-box-pack: center;
  -webkit-justify-content: center;
  -ms-flex-pack: center;
  justify-content: center;
  -webkit-align-items: center;
  -webkit-box-align: center;
  -ms-flex-align: center;
  align-items: center;
}

.c1 {
  display: -webkit-box;
  display: -webkit-flex;
  display: -ms-flexbox;
  display: flex;
  width: 100px;
  height: 100px;
  padding: 10px;
  background-color: #E2E4F0;
}

.c2 {
  padding: 18px;
  background-color: #FFFFFF;
}

.c0 {
  display: -webkit-box;
  display: -webkit-flex;
  display: -ms-flexbox;
  display: flex;
  -webkit-flex: 1;
  -ms-flex: 1;
  flex: 1;
  width: 130px;
  height: 130px;
}

<div
  className="c0"
>
  <div
    className="c1"
  >
    <div
      className="c2 c3"
    />
  </div>
</div>
`;

exports[`Storyshots Card revealed with diamond 1`] = `
.c3 {
  display: -webkit-box;
  display: -webkit-flex;
  display: -ms-flexbox;
  display: flex;
  -webkit-flex: 1;
  -ms-flex: 1;
  flex: 1;
  -webkit-flex-direction: column;
  -ms-flex-direction: column;
  flex-direction: column;
  border-radius: 10px;
  -webkit-box-pack: center;
  -webkit-justify-content: center;
  -ms-flex-pack: center;
  justify-content: center;
  -webkit-align-items: center;
  -webkit-box-align: center;
  -ms-flex-align: center;
  align-items: center;
}

.c1 {
  display: -webkit-box;
  display: -webkit-flex;
  display: -ms-flexbox;
  display: flex;
  width: 100px;
  height: 100px;
  padding: 10px;
  background-color: #E2E4F0;
}

.c2 {
  padding: 18px;
  background-color: #D2D6E6;
}

.c5 {
  max-width: 100%;
  max-height: 90%;
  opacity: 1;
  -webkit-animation: dJeCOu 2s;
  animation: dJeCOu 2s;
}

.c7 {
  background-image: url(blink.png);
  width: 90%;
  height: 90%;
  background-size: cover;
  -webkit-animation: gCbXbQ 1s steps(8);
  animation: gCbXbQ 1s steps(8);
  position: absolute;
}

.c6 {
  display: -webkit-box;
  display: -webkit-flex;
  display: -ms-flexbox;
  display: flex;
  -webkit-flex: 1;
  -ms-flex: 1;
  flex: 1;
  width: 14em;
  height: 14em;
  -webkit-animation: kKMSIs 0s ease-in 1s forwards;
  animation: kKMSIs 0s ease-in 1s forwards;
  position: absolute;
}

.c4 {
  display: -webkit-box;
  display: -webkit-flex;
  display: -ms-flexbox;
  display: flex;
  -webkit-flex: 1;
  -ms-flex: 1;
  flex: 1;
  -webkit-align-items: center;
  -webkit-box-align: center;
  -ms-flex-align: center;
  align-items: center;
  -webkit-box-pack: center;
  -webkit-justify-content: center;
  -ms-flex-pack: center;
  justify-content: center;
}

.c0 {
  display: -webkit-box;
  display: -webkit-flex;
  display: -ms-flexbox;
  display: flex;
  -webkit-flex: 1;
  -ms-flex: 1;
  flex: 1;
  width: 130px;
  height: 130px;
}

<div
  className="c0"
>
  <div
    className="c1"
  >
    <div
      className="c2 c3"
    >
      <div
        className="c4"
      >
        <img
          className="c5"
          src="diamond.png"
        />
        <div
          className="c6"
        >
          <div
            className="c7"
          />
        </div>
      </div>
    </div>
  </div>
</div>
`;

exports[`Storyshots Card revealed with mine 1`] = `
.c3 {
  display: -webkit-box;
  display: -webkit-flex;
  display: -ms-flexbox;
  display: flex;
  -webkit-flex: 1;
  -ms-flex: 1;
  flex: 1;
  -webkit-flex-direction: column;
  -ms-flex-direction: column;
  flex-direction: column;
  border-radius: 10px;
  -webkit-box-pack: center;
  -webkit-justify-content: center;
  -ms-flex-pack: center;
  justify-content: center;
  -webkit-align-items: center;
  -webkit-box-align: center;
  -ms-flex-align: center;
  align-items: center;
}

.c1 {
  display: -webkit-box;
  display: -webkit-flex;
  display: -ms-flexbox;
  display: flex;
  width: 100px;
  height: 100px;
  padding: 10px;
  background-color: #E2E4F0;
}

.c2 {
  padding: 18px;
  background-color: #D2D6E6;
}

.c5 {
  max-width: 100%;
  max-height: 90%;
  opacity: 1;
  -webkit-animation: dJeCOu 2s;
  animation: dJeCOu 2s;
}

.c7 {
  background-image: url(burst.png);
  width: 100%;
  height: 100%;
  background-size: cover;
  -webkit-animation: eRUnmX 1s steps(8);
  animation: eRUnmX 1s steps(8);
  position: absolute;
}

.c6 {
  display: -webkit-box;
  display: -webkit-flex;
  display: -ms-flexbox;
  display: flex;
  -webkit-flex: 1;
  -ms-flex: 1;
  flex: 1;
  width: 14em;
  height: 14em;
  -webkit-animation: kKMSIs 0s ease-in 1s forwards;
  animation: kKMSIs 0s ease-in 1s forwards;
  position: absolute;
}

.c4 {
  display: -webkit-box;
  display: -webkit-flex;
  display: -ms-flexbox;
  display: flex;
  -webkit-flex: 1;
  -ms-flex: 1;
  flex: 1;
  -webkit-align-items: center;
  -webkit-box-align: center;
  -ms-flex-align: center;
  align-items: center;
  -webkit-box-pack: center;
  -webkit-justify-content: center;
  -ms-flex-pack: center;
  justify-content: center;
}

.c0 {
  display: -webkit-box;
  display: -webkit-flex;
  display: -ms-flexbox;
  display: flex;
  -webkit-flex: 1;
  -ms-flex: 1;
  flex: 1;
  width: 130px;
  height: 130px;
}

<div
  className="c0"
>
  <div
    className="c1"
  >
    <div
      className="c2 c3"
    >
      <div
        className="c4"
      >
        <img
          className="c5"
          src="mine.png"
        />
        <div
          className="c6"
        >
          <div
            className="c7"
          />
        </div>
      </div>
    </div>
  </div>
</div>
`;

exports[`Storyshots GameBody all items not revealed 1`] = `
.c4 {
  display: -webkit-box;
  display: -webkit-flex;
  display: -ms-flexbox;
  display: flex;
  -webkit-flex: 1;
  -ms-flex: 1;
  flex: 1;
  -webkit-flex-direction: column;
  -ms-flex-direction: column;
  flex-direction: column;
  border-radius: 10px;
  -webkit-box-pack: center;
  -webkit-justify-content: center;
  -ms-flex-pack: center;
  justify-content: center;
  -webkit-align-items: center;
  -webkit-box-align: center;
  -ms-flex-align: center;
  align-items: center;
}

.c2 {
  display: -webkit-box;
  display: -webkit-flex;
  display: -ms-flexbox;
  display: flex;
  width: 100px;
  height: 100px;
  padding: 10px;
  background-color: #E2E4F0;
}

.c3 {
  padding: 18px;
  background-color: #FFFFFF;
}

.c1 {
  display: -webkit-box;
  display: -webkit-flex;
  display: -ms-flexbox;
  display: flex;
  -webkit-flex: 1;
  -ms-flex: 1;
  flex: 1;
  padding: 1em 0;
  -webkit-flex-wrap: wrap;
  -ms-flex-wrap: wrap;
  flex-wrap: wrap;
  -webkit-box-pack: space-between;
  -webkit-justify-content: space-between;
  -ms-flex-pack: space-between;
  justify-content: space-between;
  background-color: #E2E4F0;
}

.c0 {
  display: -webkit-box;
  display: -webkit-flex;
  display: -ms-flexbox;
  display: flex;
  -webkit-flex: 1;
  -ms-flex: 1;
  flex: 1;
  width: 620px;
}

<div
  className="c0"
>
  <div
    className="c1"
  >
    <div
      className="c2"
    >
      <div
        className="c3 c4"
      />
    </div>
    <div
      className="c2"
    >
      <div
        className="c3 c4"
      />
    </div>
    <div
      className="c2"
    >
      <div
        className="c3 c4"
      />
    </div>
    <div
      className="c2"
    >
      <div
        className="c3 c4"
      />
    </div>
    <div
      className="c2"
    >
      <div
        className="c3 c4"
      />
    </div>
    <div
      className="c2"
    >
      <div
        className="c3 c4"
      />
    </div>
    <div
      className="c2"
    >
      <div
        className="c3 c4"
      />
    </div>
    <div
      className="c2"
    >
      <div
        className="c3 c4"
      />
    </div>
    <div
      className="c2"
    >
      <div
        className="c3 c4"
      />
    </div>
    <div
      className="c2"
    >
      <div
        className="c3 c4"
      />
    </div>
    <div
      className="c2"
    >
      <div
        className="c3 c4"
      />
    </div>
    <div
      className="c2"
    >
      <div
        className="c3 c4"
      />
    </div>
    <div
      className="c2"
    >
      <div
        className="c3 c4"
      />
    </div>
    <div
      className="c2"
    >
      <div
        className="c3 c4"
      />
    </div>
    <div
      className="c2"
    >
      <div
        className="c3 c4"
      />
    </div>
    <div
      className="c2"
    >
      <div
        className="c3 c4"
      />
    </div>
    <div
      className="c2"
    >
      <div
        className="c3 c4"
      />
    </div>
    <div
      className="c2"
    >
      <div
        className="c3 c4"
      />
    </div>
    <div
      className="c2"
    >
      <div
        className="c3 c4"
      />
    </div>
    <div
      className="c2"
    >
      <div
        className="c3 c4"
      />
    </div>
    <div
      className="c2"
    >
      <div
        className="c3 c4"
      />
    </div>
    <div
      className="c2"
    >
      <div
        className="c3 c4"
      />
    </div>
    <div
      className="c2"
    >
      <div
        className="c3 c4"
      />
    </div>
    <div
      className="c2"
    >
      <div
        className="c3 c4"
      />
    </div>
    <div
      className="c2"
    >
      <div
        className="c3 c4"
      />
    </div>
  </div>
</div>
`;

exports[`Storyshots GameBody is lost with two mines 1`] = `
.c4 {
  display: -webkit-box;
  display: -webkit-flex;
  display: -ms-flexbox;
  display: flex;
  -webkit-flex: 1;
  -ms-flex: 1;
  flex: 1;
  -webkit-flex-direction: column;
  -ms-flex-direction: column;
  flex-direction: column;
  border-radius: 10px;
  -webkit-box-pack: center;
  -webkit-justify-content: center;
  -ms-flex-pack: center;
  justify-content: center;
  -webkit-align-items: center;
  -webkit-box-align: center;
  -ms-flex-align: center;
  align-items: center;
}

.c2 {
  display: -webkit-box;
  display: -webkit-flex;
  display: -ms-flexbox;
  display: flex;
  width: 100px;
  height: 100px;
  padding: 10px;
  background-color: #E2E4F0;
}

.c3 {
  padding: 18px;
  background-color: #D2D6E6;
}

.c6 {
  max-width: 100%;
  max-height: 90%;
  opacity: 1;
  -webkit-animation: dJeCOu 2s;
  animation: dJeCOu 2s;
}

.c9 {
  max-width: 80%;
  max-height: 70%;
  opacity: 0.6;
  -webkit-animation: dJeCOu 2s;
  animation: dJeCOu 2s;
}

.c8 {
  background-image: url(burst.png);
  width: 100%;
  height: 100%;
  background-size: cover;
  -webkit-animation: eRUnmX 1s steps(8);
  animation: eRUnmX 1s steps(8);
  position: absolute;
}

.c7 {
  display: -webkit-box;
  display: -webkit-flex;
  display: -ms-flexbox;
  display: flex;
  -webkit-flex: 1;
  -ms-flex: 1;
  flex: 1;
  width: 14em;
  height: 14em;
  -webkit-animation: kKMSIs 0s ease-in 1s forwards;
  animation: kKMSIs 0s ease-in 1s forwards;
  position: absolute;
}

.c5 {
  display: -webkit-box;
  display: -webkit-flex;
  display: -ms-flexbox;
  display: flex;
  -webkit-flex: 1;
  -ms-flex: 1;
  flex: 1;
  -webkit-align-items: center;
  -webkit-box-align: center;
  -ms-flex-align: center;
  align-items: center;
  -webkit-box-pack: center;
  -webkit-justify-content: center;
  -ms-flex-pack: center;
  justify-content: center;
}

.c1 {
  display: -webkit-box;
  display: -webkit-flex;
  display: -ms-flexbox;
  display: flex;
  -webkit-flex: 1;
  -ms-flex: 1;
  flex: 1;
  padding: 1em 0;
  -webkit-flex-wrap: wrap;
  -ms-flex-wrap: wrap;
  flex-wrap: wrap;
  -webkit-box-pack: space-between;
  -webkit-justify-content: space-between;
  -ms-flex-pack: space-between;
  justify-content: space-between;
  background-color: #E2E4F0;
}

.c0 {
  display: -webkit-box;
  display: -webkit-flex;
  display: -ms-flexbox;
  display: flex;
  -webkit-flex: 1;
  -ms-flex: 1;
  flex: 1;
  width: 620px;
}

<div
  className="c0"
>
  <div
    className="c1"
  >
    <div
      className="c2"
    >
      <div
        className="c3 c4"
      >
        <div
          className="c5"
        >
          <img
            className="c6"
            src="mine.png"
          />
          <div
            className="c7"
          >
            <div
              className="c8"
            />
          </div>
        </div>
      </div>
    </div>
    <div
      className="c2"
    >
      <div
        className="c3 c4"
      >
        <div
          className="c5"
        >
          <img
            className="c9"
            src="mine.png"
          />
        </div>
      </div>
    </div>
    <div
      className="c2"
    >
      <div
        className="c3 c4"
      >
        <div
          className="c5"
        >
          <img
            className="c9"
            src="diamond.png"
          />
        </div>
      </div>
    </div>
    <div
      className="c2"
    >
      <div
        className="c3 c4"
      >
        <div
          className="c5"
        >
          <img
            className="c9"
            src="diamond.png"
          />
        </div>
      </div>
    </div>
    <div
      className="c2"
    >
      <div
        className="c3 c4"
      >
        <div
          className="c5"
        >
          <img
            className="c9"
            src="diamond.png"
          />
        </div>
      </div>
    </div>
    <div
      className="c2"
    >
      <div
        className="c3 c4"
      >
        <div
          className="c5"
        >
          <img
            className="c9"
            src="diamond.png"
          />
        </div>
      </div>
    </div>
    <div
      className="c2"
    >
      <div
        className="c3 c4"
      >
        <div
          className="c5"
        >
          <img
            className="c9"
            src="diamond.png"
          />
        </div>
      </div>
    </div>
    <div
      className="c2"
    >
      <div
        className="c3 c4"
      >
        <div
          className="c5"
        >
          <img
            className="c9"
            src="diamond.png"
          />
        </div>
      </div>
    </div>
    <div
      className="c2"
    >
      <div
        className="c3 c4"
      >
        <div
          className="c5"
        >
          <img
            className="c9"
            src="diamond.png"
          />
        </div>
      </div>
    </div>
    <div
      className="c2"
    >
      <div
        className="c3 c4"
      >
        <div
          className="c5"
        >
          <img
            className="c9"
            src="diamond.png"
          />
        </div>
      </div>
    </div>
    <div
      className="c2"
    >
      <div
        className="c3 c4"
      >
        <div
          className="c5"
        >
          <img
            className="c9"
            src="diamond.png"
          />
        </div>
      </div>
    </div>
    <div
      className="c2"
    >
      <div
        className="c3 c4"
      >
        <div
          className="c5"
        >
          <img
            className="c9"
            src="diamond.png"
          />
        </div>
      </div>
    </div>
    <div
      className="c2"
    >
      <div
        className="c3 c4"
      >
        <div
          className="c5"
        >
          <img
            className="c9"
            src="diamond.png"
          />
        </div>
      </div>
    </div>
    <div
      className="c2"
    >
      <div
        className="c3 c4"
      >
        <div
          className="c5"
        >
          <img
            className="c9"
            src="diamond.png"
          />
        </div>
      </div>
    </div>
    <div
      className="c2"
    >
      <div
        className="c3 c4"
      >
        <div
          className="c5"
        >
          <img
            className="c9"
            src="diamond.png"
          />
        </div>
      </div>
    </div>
    <div
      className="c2"
    >
      <div
        className="c3 c4"
      >
        <div
          className="c5"
        >
          <img
            className="c9"
            src="diamond.png"
          />
        </div>
      </div>
    </div>
    <div
      className="c2"
    >
      <div
        className="c3 c4"
      >
        <div
          className="c5"
        >
          <img
            className="c9"
            src="diamond.png"
          />
        </div>
      </div>
    </div>
    <div
      className="c2"
    >
      <div
        className="c3 c4"
      >
        <div
          className="c5"
        >
          <img
            className="c9"
            src="diamond.png"
          />
        </div>
      </div>
    </div>
    <div
      className="c2"
    >
      <div
        className="c3 c4"
      >
        <div
          className="c5"
        >
          <img
            className="c9"
            src="diamond.png"
          />
        </div>
      </div>
    </div>
    <div
      className="c2"
    >
      <div
        className="c3 c4"
      >
        <div
          className="c5"
        >
          <img
            className="c9"
            src="diamond.png"
          />
        </div>
      </div>
    </div>
    <div
      className="c2"
    >
      <div
        className="c3 c4"
      >
        <div
          className="c5"
        >
          <img
            className="c9"
            src="diamond.png"
          />
        </div>
      </div>
    </div>
    <div
      className="c2"
    >
      <div
        className="c3 c4"
      >
        <div
          className="c5"
        >
          <img
            className="c9"
            src="diamond.png"
          />
        </div>
      </div>
    </div>
    <div
      className="c2"
    >
      <div
        className="c3 c4"
      >
        <div
          className="c5"
        >
          <img
            className="c9"
            src="diamond.png"
          />
        </div>
      </div>
    </div>
    <div
      className="c2"
    >
      <div
        className="c3 c4"
      >
        <div
          className="c5"
        >
          <img
            className="c9"
            src="diamond.png"
          />
        </div>
      </div>
    </div>
    <div
      className="c2"
    >
      <div
        className="c3 c4"
      >
        <div
          className="c5"
        >
          <img
            className="c9"
            src="diamond.png"
          />
        </div>
      </div>
    </div>
  </div>
</div>
`;

exports[`Storyshots GameBody is win with two mines 1`] = `
.c4 {
  display: -webkit-box;
  display: -webkit-flex;
  display: -ms-flexbox;
  display: flex;
  -webkit-flex: 1;
  -ms-flex: 1;
  flex: 1;
  -webkit-flex-direction: column;
  -ms-flex-direction: column;
  flex-direction: column;
  border-radius: 10px;
  -webkit-box-pack: center;
  -webkit-justify-content: center;
  -ms-flex-pack: center;
  justify-content: center;
  -webkit-align-items: center;
  -webkit-box-align: center;
  -ms-flex-align: center;
  align-items: center;
}

.c2 {
  display: -webkit-box;
  display: -webkit-flex;
  display: -ms-flexbox;
  display: flex;
  width: 100px;
  height: 100px;
  padding: 10px;
  background-color: #E2E4F0;
}

.c3 {
  padding: 18px;
  background-color: #D2D6E6;
}

.c6 {
  max-width: 100%;
  max-height: 90%;
  opacity: 1;
  -webkit-animation: dJeCOu 2s;
  animation: dJeCOu 2s;
}

.c9 {
  max-width: 80%;
  max-height: 70%;
  opacity: 0.6;
  -webkit-animation: dJeCOu 2s;
  animation: dJeCOu 2s;
}

.c8 {
  background-image: url(blink.png);
  width: 90%;
  height: 90%;
  background-size: cover;
  -webkit-animation: gCbXbQ 1s steps(8);
  animation: gCbXbQ 1s steps(8);
  position: absolute;
}

.c7 {
  display: -webkit-box;
  display: -webkit-flex;
  display: -ms-flexbox;
  display: flex;
  -webkit-flex: 1;
  -ms-flex: 1;
  flex: 1;
  width: 14em;
  height: 14em;
  -webkit-animation: kKMSIs 0s ease-in 1s forwards;
  animation: kKMSIs 0s ease-in 1s forwards;
  position: absolute;
}

.c5 {
  display: -webkit-box;
  display: -webkit-flex;
  display: -ms-flexbox;
  display: flex;
  -webkit-flex: 1;
  -ms-flex: 1;
  flex: 1;
  -webkit-align-items: center;
  -webkit-box-align: center;
  -ms-flex-align: center;
  align-items: center;
  -webkit-box-pack: center;
  -webkit-justify-content: center;
  -ms-flex-pack: center;
  justify-content: center;
}

.c1 {
  display: -webkit-box;
  display: -webkit-flex;
  display: -ms-flexbox;
  display: flex;
  -webkit-flex: 1;
  -ms-flex: 1;
  flex: 1;
  padding: 1em 0;
  -webkit-flex-wrap: wrap;
  -ms-flex-wrap: wrap;
  flex-wrap: wrap;
  -webkit-box-pack: space-between;
  -webkit-justify-content: space-between;
  -ms-flex-pack: space-between;
  justify-content: space-between;
  background-color: #E2E4F0;
}

.c0 {
  display: -webkit-box;
  display: -webkit-flex;
  display: -ms-flexbox;
  display: flex;
  -webkit-flex: 1;
  -ms-flex: 1;
  flex: 1;
  width: 620px;
}

<div
  className="c0"
>
  <div
    className="c1"
  >
    <div
      className="c2"
    >
      <div
        className="c3 c4"
      >
        <div
          className="c5"
        >
          <img
            className="c6"
            src="diamond.png"
          />
          <div
            className="c7"
          >
            <div
              className="c8"
            />
          </div>
        </div>
      </div>
    </div>
    <div
      className="c2"
    >
      <div
        className="c3 c4"
      >
        <div
          className="c5"
        >
          <img
            className="c9"
            src="mine.png"
          />
        </div>
      </div>
    </div>
    <div
      className="c2"
    >
      <div
        className="c3 c4"
      >
        <div
          className="c5"
        >
          <img
            className="c9"
            src="mine.png"
          />
        </div>
      </div>
    </div>
    <div
      className="c2"
    >
      <div
        className="c3 c4"
      >
        <div
          className="c5"
        >
          <img
            className="c9"
            src="diamond.png"
          />
        </div>
      </div>
    </div>
    <div
      className="c2"
    >
      <div
        className="c3 c4"
      >
        <div
          className="c5"
        >
          <img
            className="c9"
            src="diamond.png"
          />
        </div>
      </div>
    </div>
    <div
      className="c2"
    >
      <div
        className="c3 c4"
      >
        <div
          className="c5"
        >
          <img
            className="c9"
            src="diamond.png"
          />
        </div>
      </div>
    </div>
    <div
      className="c2"
    >
      <div
        className="c3 c4"
      >
        <div
          className="c5"
        >
          <img
            className="c9"
            src="diamond.png"
          />
        </div>
      </div>
    </div>
    <div
      className="c2"
    >
      <div
        className="c3 c4"
      >
        <div
          className="c5"
        >
          <img
            className="c9"
            src="diamond.png"
          />
        </div>
      </div>
    </div>
    <div
      className="c2"
    >
      <div
        className="c3 c4"
      >
        <div
          className="c5"
        >
          <img
            className="c9"
            src="diamond.png"
          />
        </div>
      </div>
    </div>
    <div
      className="c2"
    >
      <div
        className="c3 c4"
      >
        <div
          className="c5"
        >
          <img
            className="c9"
            src="diamond.png"
          />
        </div>
      </div>
    </div>
    <div
      className="c2"
    >
      <div
        className="c3 c4"
      >
        <div
          className="c5"
        >
          <img
            className="c9"
            src="diamond.png"
          />
        </div>
      </div>
    </div>
    <div
      className="c2"
    >
      <div
        className="c3 c4"
      >
        <div
          className="c5"
        >
          <img
            className="c9"
            src="diamond.png"
          />
        </div>
      </div>
    </div>
    <div
      className="c2"
    >
      <div
        className="c3 c4"
      >
        <div
          className="c5"
        >
          <img
            className="c9"
            src="diamond.png"
          />
        </div>
      </div>
    </div>
    <div
      className="c2"
    >
      <div
        className="c3 c4"
      >
        <div
          className="c5"
        >
          <img
            className="c9"
            src="diamond.png"
          />
        </div>
      </div>
    </div>
    <div
      className="c2"
    >
      <div
        className="c3 c4"
      >
        <div
          className="c5"
        >
          <img
            className="c9"
            src="diamond.png"
          />
        </div>
      </div>
    </div>
    <div
      className="c2"
    >
      <div
        className="c3 c4"
      >
        <div
          className="c5"
        >
          <img
            className="c9"
            src="diamond.png"
          />
        </div>
      </div>
    </div>
    <div
      className="c2"
    >
      <div
        className="c3 c4"
      >
        <div
          className="c5"
        >
          <img
            className="c9"
            src="diamond.png"
          />
        </div>
      </div>
    </div>
    <div
      className="c2"
    >
      <div
        className="c3 c4"
      >
        <div
          className="c5"
        >
          <img
            className="c9"
            src="diamond.png"
          />
        </div>
      </div>
    </div>
    <div
      className="c2"
    >
      <div
        className="c3 c4"
      >
        <div
          className="c5"
        >
          <img
            className="c9"
            src="diamond.png"
          />
        </div>
      </div>
    </div>
    <div
      className="c2"
    >
      <div
        className="c3 c4"
      >
        <div
          className="c5"
        >
          <img
            className="c9"
            src="diamond.png"
          />
        </div>
      </div>
    </div>
    <div
      className="c2"
    >
      <div
        className="c3 c4"
      >
        <div
          className="c5"
        >
          <img
            className="c9"
            src="diamond.png"
          />
        </div>
      </div>
    </div>
    <div
      className="c2"
    >
      <div
        className="c3 c4"
      >
        <div
          className="c5"
        >
          <img
            className="c9"
            src="diamond.png"
          />
        </div>
      </div>
    </div>
    <div
      className="c2"
    >
      <div
        className="c3 c4"
      >
        <div
          className="c5"
        >
          <img
            className="c9"
            src="diamond.png"
          />
        </div>
      </div>
    </div>
    <div
      className="c2"
    >
      <div
        className="c3 c4"
      >
        <div
          className="c5"
        >
          <img
            className="c9"
            src="diamond.png"
          />
        </div>
      </div>
    </div>
    <div
      className="c2"
    >
      <div
        className="c3 c4"
      >
        <div
          className="c5"
        >
          <img
            className="c9"
            src="diamond.png"
          />
        </div>
      </div>
    </div>
  </div>
</div>
`;
